#
# There is insufficient memory for the Java Runtime Environment to continue.
# Native memory allocation (mmap) failed to map 65536 bytes for Failed to commit metaspace.
# Possible reasons:
#   The system is out of physical RAM or swap space
#   The process is running with CompressedOops enabled, and the Java Heap may be blocking the growth of the native heap
# Possible solutions:
#   Reduce memory load on the system
#   Increase physical memory or swap space
#   Check if swap backing store is full
#   Decrease Java heap size (-Xmx/-Xms)
#   Decrease number of Java threads
#   Decrease Java thread stack sizes (-Xss)
#   Set larger code cache with -XX:ReservedCodeCacheSize=
#   JVM is running with Zero Based Compressed Oops mode in which the Java heap is
#     placed in the first 32GB address space. The Java Heap base address is the
#     maximum limit for the native heap growth. Please use -XX:HeapBaseMinAddress
#     to set the Java Heap base and to place the Java Heap above 32GB virtual address.
# This output file may be truncated or incomplete.
#
#  Out of Memory Error (virtualSpaceNode.cpp:112), pid=13536, tid=5504
#
# JRE version: Java(TM) SE Runtime Environment (21.0.6+8) (build 21.0.6+8-LTS-188)
# Java VM: Java HotSpot(TM) 64-Bit Server VM (21.0.6+8-LTS-188, mixed mode, sharing, tiered, compressed oops, compressed class ptrs, g1 gc, windows-amd64)
# No core dump will be written. Minidumps are not enabled by default on client versions of Windows
#

---------------  S U M M A R Y ------------

Command Line: -Dmaven.multiModuleProjectDirectory=D:\nam_4(25-26)\Thuc_tap_do_an_CN\Nexus_1\Nexus\notification-service -Djansi.passthrough=true -Dmaven.home=D:\IntelliJ IDEA Community Edition 2024.3.5\plugins\maven\lib\maven3 -Dclassworlds.conf=D:\IntelliJ IDEA Community Edition 2024.3.5\plugins\maven\lib\maven3\bin\m2.conf -Dmaven.ext.class.path=D:\IntelliJ IDEA Community Edition 2024.3.5\plugins\maven\lib\maven-event-listener.jar -javaagent:D:\IntelliJ IDEA Community Edition 2024.3.5\lib\idea_rt.jar=60323 -Dfile.encoding=UTF-8 -Dsun.stdout.encoding=UTF-8 -Dsun.stderr.encoding=UTF-8 org.codehaus.classworlds.Launcher -Didea.version=2024.3.5 clean

Host: 11th Gen Intel(R) Core(TM) i5-1135G7 @ 2.40GHz, 8 cores, 15G,  Windows 11 , 64 bit Build 22621 (10.0.22621.3527)
Time: Fri Dec  5 14:46:33 2025 SE Asia Standard Time elapsed time: 0.065429 seconds (0d 0h 0m 0s)

---------------  T H R E A D  ---------------

Current thread (0x000001fbe271ba20):  JavaThread "C1 CompilerThread0" daemon [_thread_in_vm, id=5504, stack(0x00000078c4c00000,0x00000078c4d00000) (1024K)]


Current CompileTask:
C1:     65  138       3       java.util.concurrent.ConcurrentHashMap::addCount (280 bytes)

Stack: [0x00000078c4c00000,0x00000078c4d00000]
Native frames: (J=compiled Java code, j=interpreted, Vv=VM code, C=native code)
V  [jvm.dll+0x6ca6d9]
V  [jvm.dll+0x854f51]
V  [jvm.dll+0x85747e]
V  [jvm.dll+0x857b53]
V  [jvm.dll+0x27dcc6]
V  [jvm.dll+0x850b6e]
V  [jvm.dll+0x66e3e5]
V  [jvm.dll+0x66e44a]
V  [jvm.dll+0x670c65]
V  [jvm.dll+0x670b32]
V  [jvm.dll+0x66edbe]
V  [jvm.dll+0x68035a]
V  [jvm.dll+0x679452]
V  [jvm.dll+0x1f1a20]
V  [jvm.dll+0x1f1c08]
V  [jvm.dll+0x1652f1]
V  [jvm.dll+0x165136]
V  [jvm.dll+0x15ca48]
V  [jvm.dll+0x15ecc0]
V  [jvm.dll+0x15d2e5]
V  [jvm.dll+0x15719f]
V  [jvm.dll+0x166d36]
V  [jvm.dll+0x152a50]
V  [jvm.dll+0x152dd3]
V  [jvm.dll+0x1530a4]
V  [jvm.dll+0x1524d6]
V  [jvm.dll+0x1542ad]
V  [jvm.dll+0x2554f9]
V  [jvm.dll+0x253a8a]
V  [jvm.dll+0x3ee576]
V  [jvm.dll+0x7ff2fb]
V  [jvm.dll+0x6c8dbd]
C  [ucrtbase.dll+0x29333]
C  [KERNEL32.DLL+0x1257d]
C  [ntdll.dll+0x5aa48]


---------------  P R O C E S S  ---------------

Threads class SMR info:
_java_thread_list=0x000001fbe293ba60, length=10, elements={
0x000001fbc14c36e0, 0x000001fbe2710010, 0x000001fbe2710f20, 0x000001fbe27132f0,
0x000001fbe2713f40, 0x000001fbe2717140, 0x000001fbe2719ba0, 0x000001fbe271ae60,
0x000001fbe271ba20, 0x000001fbe26e53b0
}

Java Threads: ( => current thread )
  0x000001fbc14c36e0 JavaThread "main"                              [_thread_in_vm, id=2220, stack(0x00000078c3d00000,0x00000078c3e00000) (1024K)]
  0x000001fbe2710010 JavaThread "Reference Handler"          daemon [_thread_blocked, id=16820, stack(0x00000078c4500000,0x00000078c4600000) (1024K)]
  0x000001fbe2710f20 JavaThread "Finalizer"                  daemon [_thread_blocked, id=14584, stack(0x00000078c4600000,0x00000078c4700000) (1024K)]
  0x000001fbe27132f0 JavaThread "Signal Dispatcher"          daemon [_thread_blocked, id=2140, stack(0x00000078c4700000,0x00000078c4800000) (1024K)]
  0x000001fbe2713f40 JavaThread "Attach Listener"            daemon [_thread_blocked, id=12724, stack(0x00000078c4800000,0x00000078c4900000) (1024K)]
  0x000001fbe2717140 JavaThread "Service Thread"             daemon [_thread_blocked, id=10404, stack(0x00000078c4900000,0x00000078c4a00000) (1024K)]
  0x000001fbe2719ba0 JavaThread "Monitor Deflation Thread"   daemon [_thread_blocked, id=668, stack(0x00000078c4a00000,0x00000078c4b00000) (1024K)]
  0x000001fbe271ae60 JavaThread "C2 CompilerThread0"         daemon [_thread_blocked, id=16376, stack(0x00000078c4b00000,0x00000078c4c00000) (1024K)]
=>0x000001fbe271ba20 JavaThread "C1 CompilerThread0"         daemon [_thread_in_vm, id=5504, stack(0x00000078c4c00000,0x00000078c4d00000) (1024K)]
  0x000001fbe26e53b0 JavaThread "Common-Cleaner"             daemon [_thread_blocked, id=12696, stack(0x00000078c4d00000,0x00000078c4e00000) (1024K)]
Total: 10

Other Threads:
  0x000001fbe26f5000 VMThread "VM Thread"                           [id=7844, stack(0x00000078c4400000,0x00000078c4500000) (1024K)]
  0x000001fbe26e48c0 WatcherThread "VM Periodic Task Thread"        [id=12896, stack(0x00000078c4300000,0x00000078c4400000) (1024K)]
  0x000001fbc36b13b0 WorkerThread "GC Thread#0"                     [id=13756, stack(0x00000078c3e00000,0x00000078c3f00000) (1024K)]
  0x000001fbc36c1ea0 ConcurrentGCThread "G1 Main Marker"            [id=15624, stack(0x00000078c3f00000,0x00000078c4000000) (1024K)]
  0x000001fbc36c29a0 WorkerThread "G1 Conc#0"                       [id=16836, stack(0x00000078c4000000,0x00000078c4100000) (1024K)]
  0x000001fbe25b42b0 ConcurrentGCThread "G1 Refine#0"               [id=4176, stack(0x00000078c4100000,0x00000078c4200000) (1024K)]
  0x000001fbe25b5d40 ConcurrentGCThread "G1 Service"                [id=17176, stack(0x00000078c4200000,0x00000078c4300000) (1024K)]
Total: 7

Threads with active compile tasks:
C1 CompilerThread0       81  138       3       java.util.concurrent.ConcurrentHashMap::addCount (280 bytes)
Total: 1

VM state: not at safepoint (normal execution)

VM Mutex/Monitor currently owned by a thread:  ([mutex/lock_event])
[0x00007ffb5ff5be18] Metaspace_lock - owner thread: 0x000001fbe271ba20

Heap address: 0x0000000704000000, size: 4032 MB, Compressed Oops mode: Zero based, Oop shift amount: 3

CDS archive(s) mapped at: [0x000001fb80000000-0x000001fb80c90000-0x000001fb80c90000), size 13172736, SharedBaseAddress: 0x000001fb80000000, ArchiveRelocationMode: 1.
Compressed class space mapped at: 0x000001fb81000000-0x000001fbc1000000, reserved size: 1073741824
Narrow klass base: 0x000001fb80000000, Narrow klass shift: 0, Narrow klass range: 0x100000000

GC Precious Log:
 CardTable entry size: 512
 Card Set container configuration: InlinePtr #cards 4 size 8 Array Of Cards #cards 16 size 48 Howl #buckets 8 coarsen threshold 3686 Howl Bitmap #cards 512 size 80 coarsen threshold 460 Card regions per heap region 1 cards per card region 4096
 CPUs: 8 total, 8 available
 Memory: 16126M
 Large Page Support: Disabled
 NUMA Support: Disabled
 Compressed Oops: Enabled (Zero based)
 Heap Region Size: 2M
 Heap Min Capacity: 8M
 Heap Initial Capacity: 252M
 Heap Max Capacity: 4032M
 Pre-touch: Disabled
 Parallel Workers: 8
 Concurrent Workers: 2
 Concurrent Refinement Workers: 8
 Periodic GC: Disabled

Heap:
 garbage-first heap   total 258048K, used 2048K [0x0000000704000000, 0x0000000800000000)
  region size 2048K, 2 young (4096K), 0 survivors (0K)
 Metaspace       used 198K, committed 384K, reserved 1114112K
  class space    used 5K, committed 128K, reserved 1048576K

Heap Regions: E=young(eden), S=young(survivor), O=old, HS=humongous(starts), HC=humongous(continues), CS=collection set, F=free, TAMS=top-at-mark-start, PB=parsable bottom
|   0|0x0000000704000000, 0x0000000704000000, 0x0000000704200000|  0%| F|  |TAMS 0x0000000704000000| PB 0x0000000704000000| Untracked 
|   1|0x0000000704200000, 0x0000000704200000, 0x0000000704400000|  0%| F|  |TAMS 0x0000000704200000| PB 0x0000000704200000| Untracked 
|   2|0x0000000704400000, 0x0000000704400000, 0x0000000704600000|  0%| F|  |TAMS 0x0000000704400000| PB 0x0000000704400000| Untracked 
|   3|0x0000000704600000, 0x0000000704600000, 0x0000000704800000|  0%| F|  |TAMS 0x0000000704600000| PB 0x0000000704600000| Untracked 
|   4|0x0000000704800000, 0x0000000704800000, 0x0000000704a00000|  0%| F|  |TAMS 0x0000000704800000| PB 0x0000000704800000| Untracked 
|   5|0x0000000704a00000, 0x0000000704a00000, 0x0000000704c00000|  0%| F|  |TAMS 0x0000000704a00000| PB 0x0000000704a00000| Untracked 
|   6|0x0000000704c00000, 0x0000000704c00000, 0x0000000704e00000|  0%| F|  |TAMS 0x0000000704c00000| PB 0x0000000704c00000| Untracked 
|   7|0x0000000704e00000, 0x0000000704e00000, 0x0000000705000000|  0%| F|  |TAMS 0x0000000704e00000| PB 0x0000000704e00000| Untracked 
|   8|0x0000000705000000, 0x0000000705000000, 0x0000000705200000|  0%| F|  |TAMS 0x0000000705000000| PB 0x0000000705000000| Untracked 
|   9|0x0000000705200000, 0x0000000705200000, 0x0000000705400000|  0%| F|  |TAMS 0x0000000705200000| PB 0x0000000705200000| Untracked 
|  10|0x0000000705400000, 0x0000000705400000, 0x0000000705600000|  0%| F|  |TAMS 0x0000000705400000| PB 0x0000000705400000| Untracked 
|  11|0x0000000705600000, 0x0000000705600000, 0x0000000705800000|  0%| F|  |TAMS 0x0000000705600000| PB 0x0000000705600000| Untracked 
|  12|0x0000000705800000, 0x0000000705800000, 0x0000000705a00000|  0%| F|  |TAMS 0x0000000705800000| PB 0x0000000705800000| Untracked 
|  13|0x0000000705a00000, 0x0000000705a00000, 0x0000000705c00000|  0%| F|  |TAMS 0x0000000705a00000| PB 0x0000000705a00000| Untracked 
|  14|0x0000000705c00000, 0x0000000705c00000, 0x0000000705e00000|  0%| F|  |TAMS 0x0000000705c00000| PB 0x0000000705c00000| Untracked 
|  15|0x0000000705e00000, 0x0000000705e00000, 0x0000000706000000|  0%| F|  |TAMS 0x0000000705e00000| PB 0x0000000705e00000| Untracked 
|  16|0x0000000706000000, 0x0000000706000000, 0x0000000706200000|  0%| F|  |TAMS 0x0000000706000000| PB 0x0000000706000000| Untracked 
|  17|0x0000000706200000, 0x0000000706200000, 0x0000000706400000|  0%| F|  |TAMS 0x0000000706200000| PB 0x0000000706200000| Untracked 
|  18|0x0000000706400000, 0x0000000706400000, 0x0000000706600000|  0%| F|  |TAMS 0x0000000706400000| PB 0x0000000706400000| Untracked 
|  19|0x0000000706600000, 0x0000000706600000, 0x0000000706800000|  0%| F|  |TAMS 0x0000000706600000| PB 0x0000000706600000| Untracked 
|  20|0x0000000706800000, 0x0000000706800000, 0x0000000706a00000|  0%| F|  |TAMS 0x0000000706800000| PB 0x0000000706800000| Untracked 
|  21|0x0000000706a00000, 0x0000000706a00000, 0x0000000706c00000|  0%| F|  |TAMS 0x0000000706a00000| PB 0x0000000706a00000| Untracked 
|  22|0x0000000706c00000, 0x0000000706c00000, 0x0000000706e00000|  0%| F|  |TAMS 0x0000000706c00000| PB 0x0000000706c00000| Untracked 
|  23|0x0000000706e00000, 0x0000000706e00000, 0x0000000707000000|  0%| F|  |TAMS 0x0000000706e00000| PB 0x0000000706e00000| Untracked 
|  24|0x0000000707000000, 0x0000000707000000, 0x0000000707200000|  0%| F|  |TAMS 0x0000000707000000| PB 0x0000000707000000| Untracked 
|  25|0x0000000707200000, 0x0000000707200000, 0x0000000707400000|  0%| F|  |TAMS 0x0000000707200000| PB 0x0000000707200000| Untracked 
|  26|0x0000000707400000, 0x0000000707400000, 0x0000000707600000|  0%| F|  |TAMS 0x0000000707400000| PB 0x0000000707400000| Untracked 
|  27|0x0000000707600000, 0x0000000707600000, 0x0000000707800000|  0%| F|  |TAMS 0x0000000707600000| PB 0x0000000707600000| Untracked 
|  28|0x0000000707800000, 0x0000000707800000, 0x0000000707a00000|  0%| F|  |TAMS 0x0000000707800000| PB 0x0000000707800000| Untracked 
|  29|0x0000000707a00000, 0x0000000707a00000, 0x0000000707c00000|  0%| F|  |TAMS 0x0000000707a00000| PB 0x0000000707a00000| Untracked 
|  30|0x0000000707c00000, 0x0000000707c00000, 0x0000000707e00000|  0%| F|  |TAMS 0x0000000707c00000| PB 0x0000000707c00000| Untracked 
|  31|0x0000000707e00000, 0x0000000707e00000, 0x0000000708000000|  0%| F|  |TAMS 0x0000000707e00000| PB 0x0000000707e00000| Untracked 
|  32|0x0000000708000000, 0x0000000708000000, 0x0000000708200000|  0%| F|  |TAMS 0x0000000708000000| PB 0x0000000708000000| Untracked 
|  33|0x0000000708200000, 0x0000000708200000, 0x0000000708400000|  0%| F|  |TAMS 0x0000000708200000| PB 0x0000000708200000| Untracked 
|  34|0x0000000708400000, 0x0000000708400000, 0x0000000708600000|  0%| F|  |TAMS 0x0000000708400000| PB 0x0000000708400000| Untracked 
|  35|0x0000000708600000, 0x0000000708600000, 0x0000000708800000|  0%| F|  |TAMS 0x0000000708600000| PB 0x0000000708600000| Untracked 
|  36|0x0000000708800000, 0x0000000708800000, 0x0000000708a00000|  0%| F|  |TAMS 0x0000000708800000| PB 0x0000000708800000| Untracked 
|  37|0x0000000708a00000, 0x0000000708a00000, 0x0000000708c00000|  0%| F|  |TAMS 0x0000000708a00000| PB 0x0000000708a00000| Untracked 
|  38|0x0000000708c00000, 0x0000000708c00000, 0x0000000708e00000|  0%| F|  |TAMS 0x0000000708c00000| PB 0x0000000708c00000| Untracked 
|  39|0x0000000708e00000, 0x0000000708e00000, 0x0000000709000000|  0%| F|  |TAMS 0x0000000708e00000| PB 0x0000000708e00000| Untracked 
|  40|0x0000000709000000, 0x0000000709000000, 0x0000000709200000|  0%| F|  |TAMS 0x0000000709000000| PB 0x0000000709000000| Untracked 
|  41|0x0000000709200000, 0x0000000709200000, 0x0000000709400000|  0%| F|  |TAMS 0x0000000709200000| PB 0x0000000709200000| Untracked 
|  42|0x0000000709400000, 0x0000000709400000, 0x0000000709600000|  0%| F|  |TAMS 0x0000000709400000| PB 0x0000000709400000| Untracked 
|  43|0x0000000709600000, 0x0000000709600000, 0x0000000709800000|  0%| F|  |TAMS 0x0000000709600000| PB 0x0000000709600000| Untracked 
|  44|0x0000000709800000, 0x0000000709800000, 0x0000000709a00000|  0%| F|  |TAMS 0x0000000709800000| PB 0x0000000709800000| Untracked 
|  45|0x0000000709a00000, 0x0000000709a00000, 0x0000000709c00000|  0%| F|  |TAMS 0x0000000709a00000| PB 0x0000000709a00000| Untracked 
|  46|0x0000000709c00000, 0x0000000709c00000, 0x0000000709e00000|  0%| F|  |TAMS 0x0000000709c00000| PB 0x0000000709c00000| Untracked 
|  47|0x0000000709e00000, 0x0000000709e00000, 0x000000070a000000|  0%| F|  |TAMS 0x0000000709e00000| PB 0x0000000709e00000| Untracked 
|  48|0x000000070a000000, 0x000000070a000000, 0x000000070a200000|  0%| F|  |TAMS 0x000000070a000000| PB 0x000000070a000000| Untracked 
|  49|0x000000070a200000, 0x000000070a200000, 0x000000070a400000|  0%| F|  |TAMS 0x000000070a200000| PB 0x000000070a200000| Untracked 
|  50|0x000000070a400000, 0x000000070a400000, 0x000000070a600000|  0%| F|  |TAMS 0x000000070a400000| PB 0x000000070a400000| Untracked 
|  51|0x000000070a600000, 0x000000070a600000, 0x000000070a800000|  0%| F|  |TAMS 0x000000070a600000| PB 0x000000070a600000| Untracked 
|  52|0x000000070a800000, 0x000000070a800000, 0x000000070aa00000|  0%| F|  |TAMS 0x000000070a800000| PB 0x000000070a800000| Untracked 
|  53|0x000000070aa00000, 0x000000070aa00000, 0x000000070ac00000|  0%| F|  |TAMS 0x000000070aa00000| PB 0x000000070aa00000| Untracked 
|  54|0x000000070ac00000, 0x000000070ac00000, 0x000000070ae00000|  0%| F|  |TAMS 0x000000070ac00000| PB 0x000000070ac00000| Untracked 
|  55|0x000000070ae00000, 0x000000070ae00000, 0x000000070b000000|  0%| F|  |TAMS 0x000000070ae00000| PB 0x000000070ae00000| Untracked 
|  56|0x000000070b000000, 0x000000070b000000, 0x000000070b200000|  0%| F|  |TAMS 0x000000070b000000| PB 0x000000070b000000| Untracked 
|  57|0x000000070b200000, 0x000000070b200000, 0x000000070b400000|  0%| F|  |TAMS 0x000000070b200000| PB 0x000000070b200000| Untracked 
|  58|0x000000070b400000, 0x000000070b400000, 0x000000070b600000|  0%| F|  |TAMS 0x000000070b400000| PB 0x000000070b400000| Untracked 
|  59|0x000000070b600000, 0x000000070b600000, 0x000000070b800000|  0%| F|  |TAMS 0x000000070b600000| PB 0x000000070b600000| Untracked 
|  60|0x000000070b800000, 0x000000070b800000, 0x000000070ba00000|  0%| F|  |TAMS 0x000000070b800000| PB 0x000000070b800000| Untracked 
|  61|0x000000070ba00000, 0x000000070ba00000, 0x000000070bc00000|  0%| F|  |TAMS 0x000000070ba00000| PB 0x000000070ba00000| Untracked 
|  62|0x000000070bc00000, 0x000000070bc00000, 0x000000070be00000|  0%| F|  |TAMS 0x000000070bc00000| PB 0x000000070bc00000| Untracked 
|  63|0x000000070be00000, 0x000000070be00000, 0x000000070c000000|  0%| F|  |TAMS 0x000000070be00000| PB 0x000000070be00000| Untracked 
|  64|0x000000070c000000, 0x000000070c000000, 0x000000070c200000|  0%| F|  |TAMS 0x000000070c000000| PB 0x000000070c000000| Untracked 
|  65|0x000000070c200000, 0x000000070c200000, 0x000000070c400000|  0%| F|  |TAMS 0x000000070c200000| PB 0x000000070c200000| Untracked 
|  66|0x000000070c400000, 0x000000070c400000, 0x000000070c600000|  0%| F|  |TAMS 0x000000070c400000| PB 0x000000070c400000| Untracked 
|  67|0x000000070c600000, 0x000000070c600000, 0x000000070c800000|  0%| F|  |TAMS 0x000000070c600000| PB 0x000000070c600000| Untracked 
|  68|0x000000070c800000, 0x000000070c800000, 0x000000070ca00000|  0%| F|  |TAMS 0x000000070c800000| PB 0x000000070c800000| Untracked 
|  69|0x000000070ca00000, 0x000000070ca00000, 0x000000070cc00000|  0%| F|  |TAMS 0x000000070ca00000| PB 0x000000070ca00000| Untracked 
|  70|0x000000070cc00000, 0x000000070cc00000, 0x000000070ce00000|  0%| F|  |TAMS 0x000000070cc00000| PB 0x000000070cc00000| Untracked 
|  71|0x000000070ce00000, 0x000000070ce00000, 0x000000070d000000|  0%| F|  |TAMS 0x000000070ce00000| PB 0x000000070ce00000| Untracked 
|  72|0x000000070d000000, 0x000000070d000000, 0x000000070d200000|  0%| F|  |TAMS 0x000000070d000000| PB 0x000000070d000000| Untracked 
|  73|0x000000070d200000, 0x000000070d200000, 0x000000070d400000|  0%| F|  |TAMS 0x000000070d200000| PB 0x000000070d200000| Untracked 
|  74|0x000000070d400000, 0x000000070d400000, 0x000000070d600000|  0%| F|  |TAMS 0x000000070d400000| PB 0x000000070d400000| Untracked 
|  75|0x000000070d600000, 0x000000070d600000, 0x000000070d800000|  0%| F|  |TAMS 0x000000070d600000| PB 0x000000070d600000| Untracked 
|  76|0x000000070d800000, 0x000000070d800000, 0x000000070da00000|  0%| F|  |TAMS 0x000000070d800000| PB 0x000000070d800000| Untracked 
|  77|0x000000070da00000, 0x000000070da00000, 0x000000070dc00000|  0%| F|  |TAMS 0x000000070da00000| PB 0x000000070da00000| Untracked 
|  78|0x000000070dc00000, 0x000000070dc00000, 0x000000070de00000|  0%| F|  |TAMS 0x000000070dc00000| PB 0x000000070dc00000| Untracked 
|  79|0x000000070de00000, 0x000000070de00000, 0x000000070e000000|  0%| F|  |TAMS 0x000000070de00000| PB 0x000000070de00000| Untracked 
|  80|0x000000070e000000, 0x000000070e000000, 0x000000070e200000|  0%| F|  |TAMS 0x000000070e000000| PB 0x000000070e000000| Untracked 
|  81|0x000000070e200000, 0x000000070e200000, 0x000000070e400000|  0%| F|  |TAMS 0x000000070e200000| PB 0x000000070e200000| Untracked 
|  82|0x000000070e400000, 0x000000070e400000, 0x000000070e600000|  0%| F|  |TAMS 0x000000070e400000| PB 0x000000070e400000| Untracked 
|  83|0x000000070e600000, 0x000000070e600000, 0x000000070e800000|  0%| F|  |TAMS 0x000000070e600000| PB 0x000000070e600000| Untracked 
|  84|0x000000070e800000, 0x000000070e800000, 0x000000070ea00000|  0%| F|  |TAMS 0x000000070e800000| PB 0x000000070e800000| Untracked 
|  85|0x000000070ea00000, 0x000000070ea00000, 0x000000070ec00000|  0%| F|  |TAMS 0x000000070ea00000| PB 0x000000070ea00000| Untracked 
|  86|0x000000070ec00000, 0x000000070ec00000, 0x000000070ee00000|  0%| F|  |TAMS 0x000000070ec00000| PB 0x000000070ec00000| Untracked 
|  87|0x000000070ee00000, 0x000000070ee00000, 0x000000070f000000|  0%| F|  |TAMS 0x000000070ee00000| PB 0x000000070ee00000| Untracked 
|  88|0x000000070f000000, 0x000000070f000000, 0x000000070f200000|  0%| F|  |TAMS 0x000000070f000000| PB 0x000000070f000000| Untracked 
|  89|0x000000070f200000, 0x000000070f200000, 0x000000070f400000|  0%| F|  |TAMS 0x000000070f200000| PB 0x000000070f200000| Untracked 
|  90|0x000000070f400000, 0x000000070f400000, 0x000000070f600000|  0%| F|  |TAMS 0x000000070f400000| PB 0x000000070f400000| Untracked 
|  91|0x000000070f600000, 0x000000070f600000, 0x000000070f800000|  0%| F|  |TAMS 0x000000070f600000| PB 0x000000070f600000| Untracked 
|  92|0x000000070f800000, 0x000000070f800000, 0x000000070fa00000|  0%| F|  |TAMS 0x000000070f800000| PB 0x000000070f800000| Untracked 
|  93|0x000000070fa00000, 0x000000070fa00000, 0x000000070fc00000|  0%| F|  |TAMS 0x000000070fa00000| PB 0x000000070fa00000| Untracked 
|  94|0x000000070fc00000, 0x000000070fc00000, 0x000000070fe00000|  0%| F|  |TAMS 0x000000070fc00000| PB 0x000000070fc00000| Untracked 
|  95|0x000000070fe00000, 0x000000070fe00000, 0x0000000710000000|  0%| F|  |TAMS 0x000000070fe00000| PB 0x000000070fe00000| Untracked 
|  96|0x0000000710000000, 0x0000000710000000, 0x0000000710200000|  0%| F|  |TAMS 0x0000000710000000| PB 0x0000000710000000| Untracked 
|  97|0x0000000710200000, 0x0000000710200000, 0x0000000710400000|  0%| F|  |TAMS 0x0000000710200000| PB 0x0000000710200000| Untracked 
|  98|0x0000000710400000, 0x0000000710400000, 0x0000000710600000|  0%| F|  |TAMS 0x0000000710400000| PB 0x0000000710400000| Untracked 
|  99|0x0000000710600000, 0x0000000710600000, 0x0000000710800000|  0%| F|  |TAMS 0x0000000710600000| PB 0x0000000710600000| Untracked 
| 100|0x0000000710800000, 0x0000000710800000, 0x0000000710a00000|  0%| F|  |TAMS 0x0000000710800000| PB 0x0000000710800000| Untracked 
| 101|0x0000000710a00000, 0x0000000710a00000, 0x0000000710c00000|  0%| F|  |TAMS 0x0000000710a00000| PB 0x0000000710a00000| Untracked 
| 102|0x0000000710c00000, 0x0000000710c00000, 0x0000000710e00000|  0%| F|  |TAMS 0x0000000710c00000| PB 0x0000000710c00000| Untracked 
| 103|0x0000000710e00000, 0x0000000710e00000, 0x0000000711000000|  0%| F|  |TAMS 0x0000000710e00000| PB 0x0000000710e00000| Untracked 
| 104|0x0000000711000000, 0x0000000711000000, 0x0000000711200000|  0%| F|  |TAMS 0x0000000711000000| PB 0x0000000711000000| Untracked 
| 105|0x0000000711200000, 0x0000000711200000, 0x0000000711400000|  0%| F|  |TAMS 0x0000000711200000| PB 0x0000000711200000| Untracked 
| 106|0x0000000711400000, 0x0000000711400000, 0x0000000711600000|  0%| F|  |TAMS 0x0000000711400000| PB 0x0000000711400000| Untracked 
| 107|0x0000000711600000, 0x0000000711600000, 0x0000000711800000|  0%| F|  |TAMS 0x0000000711600000| PB 0x0000000711600000| Untracked 
| 108|0x0000000711800000, 0x0000000711800000, 0x0000000711a00000|  0%| F|  |TAMS 0x0000000711800000| PB 0x0000000711800000| Untracked 
| 109|0x0000000711a00000, 0x0000000711a00000, 0x0000000711c00000|  0%| F|  |TAMS 0x0000000711a00000| PB 0x0000000711a00000| Untracked 
| 110|0x0000000711c00000, 0x0000000711c00000, 0x0000000711e00000|  0%| F|  |TAMS 0x0000000711c00000| PB 0x0000000711c00000| Untracked 
| 111|0x0000000711e00000, 0x0000000711e00000, 0x0000000712000000|  0%| F|  |TAMS 0x0000000711e00000| PB 0x0000000711e00000| Untracked 
| 112|0x0000000712000000, 0x0000000712000000, 0x0000000712200000|  0%| F|  |TAMS 0x0000000712000000| PB 0x0000000712000000| Untracked 
| 113|0x0000000712200000, 0x0000000712200000, 0x0000000712400000|  0%| F|  |TAMS 0x0000000712200000| PB 0x0000000712200000| Untracked 
| 114|0x0000000712400000, 0x0000000712400000, 0x0000000712600000|  0%| F|  |TAMS 0x0000000712400000| PB 0x0000000712400000| Untracked 
| 115|0x0000000712600000, 0x0000000712600000, 0x0000000712800000|  0%| F|  |TAMS 0x0000000712600000| PB 0x0000000712600000| Untracked 
| 116|0x0000000712800000, 0x0000000712800000, 0x0000000712a00000|  0%| F|  |TAMS 0x0000000712800000| PB 0x0000000712800000| Untracked 
| 117|0x0000000712a00000, 0x0000000712a00000, 0x0000000712c00000|  0%| F|  |TAMS 0x0000000712a00000| PB 0x0000000712a00000| Untracked 
| 118|0x0000000712c00000, 0x0000000712c00000, 0x0000000712e00000|  0%| F|  |TAMS 0x0000000712c00000| PB 0x0000000712c00000| Untracked 
| 119|0x0000000712e00000, 0x0000000712e00000, 0x0000000713000000|  0%| F|  |TAMS 0x0000000712e00000| PB 0x0000000712e00000| Untracked 
| 120|0x0000000713000000, 0x0000000713000000, 0x0000000713200000|  0%| F|  |TAMS 0x0000000713000000| PB 0x0000000713000000| Untracked 
| 121|0x0000000713200000, 0x0000000713200000, 0x0000000713400000|  0%| F|  |TAMS 0x0000000713200000| PB 0x0000000713200000| Untracked 
| 122|0x0000000713400000, 0x0000000713400000, 0x0000000713600000|  0%| F|  |TAMS 0x0000000713400000| PB 0x0000000713400000| Untracked 
| 123|0x0000000713600000, 0x0000000713600000, 0x0000000713800000|  0%| F|  |TAMS 0x0000000713600000| PB 0x0000000713600000| Untracked 
| 124|0x0000000713800000, 0x00000007138e1d28, 0x0000000713a00000| 44%| E|  |TAMS 0x0000000713800000| PB 0x0000000713800000| Complete 
| 125|0x0000000713a00000, 0x0000000713c00000, 0x0000000713c00000|100%| E|CS|TAMS 0x0000000713a00000| PB 0x0000000713a00000| Complete 

Card table byte_map: [0x000001fbdb5e0000,0x000001fbdbdc0000] _byte_map_base: 0x000001fbd7dc0000

Marking Bits: (CMBitMap*) 0x000001fbc36b19c0
 Bits: [0x000001fbdbdc0000, 0x000001fbdfcc0000)

Polling page: 0x000001fbc2e10000

Metaspace:

Usage:
  Non-class:    192.30 KB used.
      Class:      5.88 KB used.
       Both:    198.19 KB used.

Virtual space:
  Non-class space:       64.00 MB reserved,     256.00 KB ( <1%) committed,  1 nodes.
      Class space:        1.00 GB reserved,     128.00 KB ( <1%) committed,  1 nodes.
             Both:        1.06 GB reserved,     384.00 KB ( <1%) committed. 

Chunk freelists:
   Non-Class:  12.00 MB
       Class:  15.75 MB
        Both:  27.74 MB

MaxMetaspaceSize: unlimited
CompressedClassSpaceSize: 1.00 GB
Initial GC threshold: 21.00 MB
Current GC threshold: 21.00 MB
CDS: on
 - commit_granule_bytes: 65536.
 - commit_granule_words: 8192.
 - virtual_space_node_default_size: 8388608.
 - enlarge_chunks_in_place: 1.
 - use_allocation_guard: 0.


Internal statistics:

num_allocs_failed_limit: 0.
num_arena_births: 6.
num_arena_deaths: 0.
num_vsnodes_births: 2.
num_vsnodes_deaths: 0.
num_space_committed: 6.
num_space_uncommitted: 0.
num_chunks_returned_to_freelist: 0.
num_chunks_taken_from_freelist: 7.
num_chunk_merges: 0.
num_chunk_splits: 5.
num_chunks_enlarged: 2.
num_inconsistent_stats: 0.

CodeHeap 'non-profiled nmethods': size=120000Kb used=56Kb max_used=56Kb free=119943Kb
 bounds [0x000001fbd35a0000, 0x000001fbd3810000, 0x000001fbdaad0000]
CodeHeap 'profiled nmethods': size=120000Kb used=136Kb max_used=136Kb free=119864Kb
 bounds [0x000001fbcbad0000, 0x000001fbcbd40000, 0x000001fbd3000000]
CodeHeap 'non-nmethods': size=5760Kb used=1338Kb max_used=1354Kb free=4421Kb
 bounds [0x000001fbd3000000, 0x000001fbd3270000, 0x000001fbd35a0000]
 total_blobs=498 nmethods=137 adapters=266
 compilation: enabled
              stopped_count=0, restarted_count=0
 full_count=0

Compilation events (20 events):
Event: 0.060 Thread 0x000001fbe271ba20 nmethod 123 0x000001fbd35ab510 code [0x000001fbd35ab6a0, 0x000001fbd35ab770]
Event: 0.060 Thread 0x000001fbe271ba20  128       1       java.util.HashMap$Node::getKey (5 bytes)
Event: 0.060 Thread 0x000001fbe271ba20 nmethod 128 0x000001fbd35ab810 code [0x000001fbd35ab9a0, 0x000001fbd35aba70]
Event: 0.060 Thread 0x000001fbe271ba20  129       1       java.util.HashMap$Node::getValue (5 bytes)
Event: 0.060 Thread 0x000001fbe271ba20 nmethod 129 0x000001fbd35abb10 code [0x000001fbd35abca0, 0x000001fbd35abd70]
Event: 0.060 Thread 0x000001fbe271ba20  131       1       java.lang.module.ModuleDescriptor$Provides::service (5 bytes)
Event: 0.060 Thread 0x000001fbe271ba20 nmethod 131 0x000001fbd35abe10 code [0x000001fbd35abfa0, 0x000001fbd35ac070]
Event: 0.060 Thread 0x000001fbe271ae60 nmethod 121 0x000001fbd35ac110 code [0x000001fbd35ac2a0, 0x000001fbd35ac380]
Event: 0.061 Thread 0x000001fbe271ae60  130       4       java.lang.String::equals (56 bytes)
Event: 0.061 Thread 0x000001fbe271ba20  132       3       java.lang.module.ResolvedModule::hashCode (16 bytes)
Event: 0.061 Thread 0x000001fbe271ba20 nmethod 132 0x000001fbcbaee490 code [0x000001fbcbaee640, 0x000001fbcbaee870]
Event: 0.061 Thread 0x000001fbe271ba20  135       3       java.util.ImmutableCollections$MapN::probe (60 bytes)
Event: 0.061 Thread 0x000001fbe271ba20 nmethod 135 0x000001fbcbaee990 code [0x000001fbcbaeeb80, 0x000001fbcbaef0d8]
Event: 0.061 Thread 0x000001fbe271ba20  137       3       java.util.concurrent.ConcurrentHashMap$Node::<init> (20 bytes)
Event: 0.061 Thread 0x000001fbe271ba20 nmethod 137 0x000001fbcbaef310 code [0x000001fbcbaef4c0, 0x000001fbcbaef6f8]
Event: 0.061 Thread 0x000001fbe271ba20  139   !   3       java.util.concurrent.ConcurrentHashMap::putVal (432 bytes)
Event: 0.062 Thread 0x000001fbe271ae60 nmethod 130 0x000001fbd35ac490 code [0x000001fbd35ac620, 0x000001fbd35ac810]
Event: 0.062 Thread 0x000001fbe271ae60  136       4       java.lang.StringLatin1::equals (36 bytes)
Event: 0.063 Thread 0x000001fbe271ba20 nmethod 139 0x000001fbcbaef790 code [0x000001fbcbaefb20, 0x000001fbcbaf1680]
Event: 0.063 Thread 0x000001fbe271ba20  138       3       java.util.concurrent.ConcurrentHashMap::addCount (280 bytes)

GC Heap History (0 events):
No events

Dll operation events (2 events):
Event: 0.008 Loaded shared library C:\Program Files\Java\jdk-21\bin\java.dll
Event: 0.035 Loaded shared library C:\Program Files\Java\jdk-21\bin\jsvml.dll

Deoptimization events (0 events):
No events

Classes loaded (4 events):
Event: 0.031 Loading class sun/nio/cs/UTF_8$Encoder
Event: 0.031 Loading class sun/nio/cs/UTF_8$Encoder done
Event: 0.055 Loading class jdk/internal/module/ModuleReferenceImpl$CachedHash
Event: 0.055 Loading class jdk/internal/module/ModuleReferenceImpl$CachedHash done

Classes unloaded (0 events):
No events

Classes redefined (0 events):
No events

Internal exceptions (0 events):
No events

ZGC Phase Switch (0 events):
No events

VM Operations (2 events):
Event: 0.054 Executing VM operation: HandshakeAllThreads (Deoptimize)
Event: 0.054 Executing VM operation: HandshakeAllThreads (Deoptimize) done

Events (10 events):
Event: 0.022 Thread 0x000001fbc14c36e0 Thread added: 0x000001fbc14c36e0
Event: 0.032 Thread 0x000001fbe2710010 Thread added: 0x000001fbe2710010
Event: 0.032 Thread 0x000001fbe2710f20 Thread added: 0x000001fbe2710f20
Event: 0.032 Thread 0x000001fbe27132f0 Thread added: 0x000001fbe27132f0
Event: 0.032 Thread 0x000001fbe2713f40 Thread added: 0x000001fbe2713f40
Event: 0.032 Thread 0x000001fbe2717140 Thread added: 0x000001fbe2717140
Event: 0.032 Thread 0x000001fbe2719ba0 Thread added: 0x000001fbe2719ba0
Event: 0.033 Thread 0x000001fbe271ae60 Thread added: 0x000001fbe271ae60
Event: 0.033 Thread 0x000001fbe271ba20 Thread added: 0x000001fbe271ba20
Event: 0.049 Thread 0x000001fbe26e53b0 Thread added: 0x000001fbe26e53b0


Dynamic libraries:
0x00007ff665f10000 - 0x00007ff665f20000 	C:\Program Files\Java\jdk-21\bin\java.exe
0x00007ffbf4610000 - 0x00007ffbf4827000 	C:\WINDOWS\SYSTEM32\ntdll.dll
0x00007ffbf36c0000 - 0x00007ffbf3784000 	C:\WINDOWS\System32\KERNEL32.DLL
0x00007ffbf1e20000 - 0x00007ffbf21c7000 	C:\WINDOWS\System32\KERNELBASE.dll
0x00007ffbf1a00000 - 0x00007ffbf1b11000 	C:\WINDOWS\System32\ucrtbase.dll
0x00007ffbbd6d0000 - 0x00007ffbbd6eb000 	C:\Program Files\Java\jdk-21\bin\VCRUNTIME140.dll
0x00007ffbbaae0000 - 0x00007ffbbaaf9000 	C:\Program Files\Java\jdk-21\bin\jli.dll
0x00007ffbf2830000 - 0x00007ffbf28e2000 	C:\WINDOWS\System32\ADVAPI32.dll
0x00007ffbf4050000 - 0x00007ffbf40f7000 	C:\WINDOWS\System32\msvcrt.dll
0x00007ffbf2bd0000 - 0x00007ffbf2c78000 	C:\WINDOWS\System32\sechost.dll
0x00007ffbf1b20000 - 0x00007ffbf1b48000 	C:\WINDOWS\System32\bcrypt.dll
0x00007ffbf2cd0000 - 0x00007ffbf2de5000 	C:\WINDOWS\System32\RPCRT4.dll
0x00007ffbf4330000 - 0x00007ffbf44de000 	C:\WINDOWS\System32\USER32.dll
0x00007ffbf1930000 - 0x00007ffbf1956000 	C:\WINDOWS\System32\win32u.dll
0x00007ffbdb700000 - 0x00007ffbdb993000 	C:\WINDOWS\WinSxS\amd64_microsoft.windows.common-controls_6595b64144ccf1df_6.0.22621.3527_none_270e469b73872a76\COMCTL32.dll
0x00007ffbf3680000 - 0x00007ffbf36a9000 	C:\WINDOWS\System32\GDI32.dll
0x00007ffbf1d00000 - 0x00007ffbf1e19000 	C:\WINDOWS\System32\gdi32full.dll
0x00007ffbf1960000 - 0x00007ffbf19fa000 	C:\WINDOWS\System32\msvcp_win.dll
0x00007ffbe9960000 - 0x00007ffbe996a000 	C:\WINDOWS\SYSTEM32\VERSION.dll
0x00007ffbf2c90000 - 0x00007ffbf2cc1000 	C:\WINDOWS\System32\IMM32.DLL
0x00007ffbc3380000 - 0x00007ffbc338c000 	C:\Program Files\Java\jdk-21\bin\vcruntime140_1.dll
0x00007ffb60040000 - 0x00007ffb600ce000 	C:\Program Files\Java\jdk-21\bin\msvcp140.dll
0x00007ffb5f320000 - 0x00007ffb6003a000 	C:\Program Files\Java\jdk-21\bin\server\jvm.dll
0x00007ffbf4100000 - 0x00007ffbf4171000 	C:\WINDOWS\System32\WS2_32.dll
0x00007ffbf1640000 - 0x00007ffbf168d000 	C:\WINDOWS\SYSTEM32\POWRPROF.dll
0x00007ffbe9c50000 - 0x00007ffbe9c84000 	C:\WINDOWS\SYSTEM32\WINMM.dll
0x00007ffbf1620000 - 0x00007ffbf1633000 	C:\WINDOWS\SYSTEM32\UMPDC.dll
0x00007ffbf0910000 - 0x00007ffbf0928000 	C:\WINDOWS\SYSTEM32\kernel.appcore.dll
0x00007ffbbf470000 - 0x00007ffbbf47a000 	C:\Program Files\Java\jdk-21\bin\jimage.dll
0x00007ffbeecc0000 - 0x00007ffbeeef2000 	C:\WINDOWS\SYSTEM32\DBGHELP.DLL
0x00007ffbf2340000 - 0x00007ffbf26c8000 	C:\WINDOWS\System32\combase.dll
0x00007ffbf2ed0000 - 0x00007ffbf2fa7000 	C:\WINDOWS\System32\OLEAUT32.dll
0x00007ffbc5c90000 - 0x00007ffbc5cc2000 	C:\WINDOWS\SYSTEM32\dbgcore.DLL
0x00007ffbf1b50000 - 0x00007ffbf1bc9000 	C:\WINDOWS\System32\bcryptPrimitives.dll
0x00007ffbbf400000 - 0x00007ffbbf40f000 	C:\Program Files\Java\jdk-21\bin\instrument.dll
0x00007ffbb5120000 - 0x00007ffbb513f000 	C:\Program Files\Java\jdk-21\bin\java.dll
0x00007ffbf37a0000 - 0x00007ffbf3ffc000 	C:\WINDOWS\System32\SHELL32.dll
0x00007ffbef820000 - 0x00007ffbf0116000 	C:\WINDOWS\SYSTEM32\windows.storage.dll
0x00007ffbef6e0000 - 0x00007ffbef81e000 	C:\WINDOWS\SYSTEM32\wintypes.dll
0x00007ffbf29b0000 - 0x00007ffbf2aa5000 	C:\WINDOWS\System32\SHCORE.dll
0x00007ffbf2e70000 - 0x00007ffbf2ece000 	C:\WINDOWS\System32\shlwapi.dll
0x00007ffbf1860000 - 0x00007ffbf1881000 	C:\WINDOWS\SYSTEM32\profapi.dll
0x00007ffb5f240000 - 0x00007ffb5f317000 	C:\Program Files\Java\jdk-21\bin\jsvml.dll

dbghelp: loaded successfully - version: 4.0.5 - missing functions: none
symbol engine: initialized successfully - sym options: 0x614 - pdb path: .;C:\Program Files\Java\jdk-21\bin;C:\WINDOWS\SYSTEM32;C:\WINDOWS\WinSxS\amd64_microsoft.windows.common-controls_6595b64144ccf1df_6.0.22621.3527_none_270e469b73872a76;C:\Program Files\Java\jdk-21\bin\server

VM Arguments:
jvm_args: -Dmaven.multiModuleProjectDirectory=D:\nam_4(25-26)\Thuc_tap_do_an_CN\Nexus_1\Nexus\notification-service -Djansi.passthrough=true -Dmaven.home=D:\IntelliJ IDEA Community Edition 2024.3.5\plugins\maven\lib\maven3 -Dclassworlds.conf=D:\IntelliJ IDEA Community Edition 2024.3.5\plugins\maven\lib\maven3\bin\m2.conf -Dmaven.ext.class.path=D:\IntelliJ IDEA Community Edition 2024.3.5\plugins\maven\lib\maven-event-listener.jar -javaagent:D:\IntelliJ IDEA Community Edition 2024.3.5\lib\idea_rt.jar=60323 -Dfile.encoding=UTF-8 -Dsun.stdout.encoding=UTF-8 -Dsun.stderr.encoding=UTF-8 
java_command: org.codehaus.classworlds.Launcher -Didea.version=2024.3.5 clean
java_class_path (initial): D:\IntelliJ IDEA Community Edition 2024.3.5\plugins\maven\lib\maven3\boot\plexus-classworlds-2.8.0.jar;D:\IntelliJ IDEA Community Edition 2024.3.5\plugins\maven\lib\maven3\boot\plexus-classworlds.license
Launcher Type: SUN_STANDARD

[Global flags]
     intx CICompilerCount                          = 4                                         {product} {ergonomic}
     uint ConcGCThreads                            = 2                                         {product} {ergonomic}
     uint G1ConcRefinementThreads                  = 8                                         {product} {ergonomic}
   size_t G1HeapRegionSize                         = 2097152                                   {product} {ergonomic}
    uintx GCDrainStackTargetSize                   = 64                                        {product} {ergonomic}
   size_t InitialHeapSize                          = 264241152                                 {product} {ergonomic}
   size_t MarkStackSize                            = 4194304                                   {product} {ergonomic}
   size_t MaxHeapSize                              = 4227858432                                {product} {ergonomic}
   size_t MaxNewSize                               = 2535456768                                {product} {ergonomic}
   size_t MinHeapDeltaBytes                        = 2097152                                   {product} {ergonomic}
   size_t MinHeapSize                              = 8388608                                   {product} {ergonomic}
    uintx NonNMethodCodeHeapSize                   = 5839372                                {pd product} {ergonomic}
    uintx NonProfiledCodeHeapSize                  = 122909434                              {pd product} {ergonomic}
    uintx ProfiledCodeHeapSize                     = 122909434                              {pd product} {ergonomic}
    uintx ReservedCodeCacheSize                    = 251658240                              {pd product} {ergonomic}
     bool SegmentedCodeCache                       = true                                      {product} {ergonomic}
   size_t SoftMaxHeapSize                          = 4227858432                             {manageable} {ergonomic}
     bool UseCompressedOops                        = true                           {product lp64_product} {ergonomic}
     bool UseG1GC                                  = true                                      {product} {ergonomic}
     bool UseLargePagesIndividualAllocation        = false                                  {pd product} {ergonomic}

Logging:
Log output configuration:
 #0: stdout all=warning uptime,level,tags foldmultilines=false
 #1: stderr all=off uptime,level,tags foldmultilines=false

Environment Variables:
JAVA_HOME=C:\Program Files\Java\jdk-21
PATH=C:\Program Files\Common Files\Oracle\Java\javapath;C:\Program Files (x86)\Common Files\Oracle\Java\java8path;C:\Program Files (x86)\Common Files\Oracle\Java\javapath;C:\ProgramData\Oracle\Java\javapath;C:\WINDOWS\system32;C:\WINDOWS;C:\WINDOWS\System32\Wbem;C:\WINDOWS\System32\WindowsPowerShell\v1.0\;C:\WINDOWS\System32\OpenSSH\;C:\Program Files\Git\cmd;C:\Program Files (x86)\Microsoft SQL Server\160\Tools\Binn\;C:\Program Files\Microsoft SQL Server\160\Tools\Binn\;C:\Program Files\Microsoft SQL Server\Client SDK\ODBC\170\Tools\Binn\;C:\Program Files\Microsoft SQL Server\160\DTS\Binn\;C:\Program Files (x86)\Microsoft SQL Server\160\DTS\Binn\;C:\Program Files\dotnet\;C:\Program Files\Docker\Docker\resources\bin;C:\Users\DELL\AppData\Local\Programs\Python\Python311\Scripts\;C:\Users\DELL\AppData\Local\Programs\Python\Python311\;C:\Users\DELL\AppData\Local\Microsoft\WindowsApps;C:\Users\DELL\AppData\Roaming\npm;D:\Microsoft VS Code\bin;C:\Program Files\Azure Data Studio\bin;C:\Users\DELL\.dotnet\tools;D:\apache-maven-3.9.9-bin\apache-maven-3.9.9\bin;D:\maven-mvnd-1.0.2-windows-amd64\bin;D:\nvm;D:\nodejs;C:\Program Files\nodejs\;D:\cursor\resources\app\bin;C:\Users\DELL\AppData\Local\Programs\Python\Python311\Scripts\;C:\Users\DELL\AppData\Local\Programs\Python\Python311\;C:\Users\DELL\AppData\Local\Microsoft\WindowsApps;D:\Microsoft VS Code\bin;C:\Program Files\Azure Data Studio\bin;C:\Users\DELL\.dotnet\tools;D:\nvm;D:\nodejs;C:\Users\DELL\AppData\Roaming\npm
USERNAME=Nguyen Huynh Chi
OS=Windows_NT
PROCESSOR_IDENTIFIER=Intel64 Family 6 Model 140 Stepping 1, GenuineIntel
TMP=C:\Users\DELL\AppData\Local\Temp
TEMP=C:\Users\DELL\AppData\Local\Temp




Periodic native trim disabled

---------------  S Y S T E M  ---------------

OS:
 Windows 11 , 64 bit Build 22621 (10.0.22621.3527)
OS uptime: 0 days 3:29 hours
Hyper-V role detected

CPU: total 8 (initial active 8) (4 cores per cpu, 2 threads per core) family 6 model 140 stepping 1 microcode 0xb4, cx8, cmov, fxsr, ht, mmx, 3dnowpref, sse, sse2, sse3, ssse3, sse4.1, sse4.2, popcnt, lzcnt, tsc, tscinvbit, avx, avx2, aes, erms, clmul, bmi1, bmi2, adx, avx512f, avx512dq, avx512cd, avx512bw, avx512vl, sha, fma, vzeroupper, avx512_vpopcntdq, avx512_vpclmulqdq, avx512_vaes, avx512_vnni, clflush, clflushopt, clwb, avx512_vbmi2, avx512_vbmi, hv, rdtscp, rdpid, fsrm, gfni, avx512_bitalg, f16c, cet_ibt, cet_ss, avx512_ifma
Processor Information for all 8 processors :
  Max Mhz: 1382, Current Mhz: 1382, Mhz Limit: 1382

Memory: 4k page, system-wide physical 16126M (1800M free)
TotalPageFile size 19507M (AvailPageFile size 0M)
current process WorkingSet (physical memory assigned to process): 37M, peak: 37M
current process commit charge ("private bytes"): 336M, peak: 336M

vm_info: Java HotSpot(TM) 64-Bit Server VM (21.0.6+8-LTS-188) for windows-amd64 JRE (21.0.6+8-LTS-188), built on 2024-12-03T10:50:54Z by "mach5one" with MS VC++ 17.6 (VS2022)

END.
