#
# There is insufficient memory for the Java Runtime Environment to continue.
# Native memory allocation (malloc) failed to allocate 262816 bytes for Chunk::new
# Possible reasons:
#   The system is out of physical RAM or swap space
#   The process is running with CompressedOops enabled, and the Java Heap may be blocking the growth of the native heap
# Possible solutions:
#   Reduce memory load on the system
#   Increase physical memory or swap space
#   Check if swap backing store is full
#   Decrease Java heap size (-Xmx/-Xms)
#   Decrease number of Java threads
#   Decrease Java thread stack sizes (-Xss)
#   Set larger code cache with -XX:ReservedCodeCacheSize=
#   JVM is running with Unscaled Compressed Oops mode in which the Java heap is
#     placed in the first 4GB address space. The Java Heap base address is the
#     maximum limit for the native heap growth. Please use -XX:HeapBaseMinAddress
#     to set the Java Heap base and to place the Java Heap above 4GB virtual address.
# This output file may be truncated or incomplete.
#
#  Out of Memory Error (arena.cpp:168), pid=36784, tid=23892
#
# JRE version: Java(TM) SE Runtime Environment (21.0.6+8) (build 21.0.6+8-LTS-188)
# Java VM: Java HotSpot(TM) 64-Bit Server VM (21.0.6+8-LTS-188, mixed mode, sharing, tiered, compressed oops, compressed class ptrs, g1 gc, windows-amd64)
# No core dump will be written. Minidumps are not enabled by default on client versions of Windows
#

---------------  S U M M A R Y ------------

Command Line: -Dmaven.multiModuleProjectDirectory=D:\nam_4(25-26)\Thuc_tap_do_an_CN\Nexus_1\Nexus\post-service -Djansi.passthrough=true -Dmaven.home=D:\IntelliJ IDEA Community Edition 2024.3.5\plugins\maven\lib\maven3 -Dclassworlds.conf=D:\IntelliJ IDEA Community Edition 2024.3.5\plugins\maven\lib\maven3\bin\m2.conf -Dmaven.ext.class.path=D:\IntelliJ IDEA Community Edition 2024.3.5\plugins\maven\lib\maven-event-listener.jar -javaagent:D:\IntelliJ IDEA Community Edition 2024.3.5\lib\idea_rt.jar=51551 -Dfile.encoding=UTF-8 -Dsun.stdout.encoding=UTF-8 -Dsun.stderr.encoding=UTF-8 org.codehaus.classworlds.Launcher -Didea.version=2024.3.5 clean

Host: 11th Gen Intel(R) Core(TM) i5-1135G7 @ 2.40GHz, 8 cores, 7G,  Windows 11 , 64 bit Build 22621 (10.0.22621.3527)
Time: Fri Nov 28 22:52:36 2025 SE Asia Standard Time elapsed time: 0.723091 seconds (0d 0h 0m 0s)

---------------  T H R E A D  ---------------

Current thread (0x000001d77eef17e0):  JavaThread "C2 CompilerThread0" daemon [_thread_in_native, id=23892, stack(0x000000721e800000,0x000000721e900000) (1024K)]


Current CompileTask:
C2:    723  902   !   4       jdk.internal.loader.URLClassPath$JarLoader::getResource (40 bytes)

Stack: [0x000000721e800000,0x000000721e900000]
Native frames: (J=compiled Java code, j=interpreted, Vv=VM code, C=native code)
V  [jvm.dll+0x6ca6d9]
V  [jvm.dll+0x854f51]
V  [jvm.dll+0x85747e]
V  [jvm.dll+0x857b53]
V  [jvm.dll+0x27dcc6]
V  [jvm.dll+0xc4c2d]
V  [jvm.dll+0xc5163]
V  [jvm.dll+0x2f0fbd]
V  [jvm.dll+0x5f546a]
V  [jvm.dll+0x24f8a2]
V  [jvm.dll+0x247fbe]
V  [jvm.dll+0x245df4]
V  [jvm.dll+0x1c6d2e]
V  [jvm.dll+0x2554f9]
V  [jvm.dll+0x253a8a]
V  [jvm.dll+0x3ee576]
V  [jvm.dll+0x7ff2fb]
V  [jvm.dll+0x6c8dbd]
C  [ucrtbase.dll+0x29333]
C  [KERNEL32.DLL+0x1257d]
C  [ntdll.dll+0x5aa48]


---------------  P R O C E S S  ---------------

Threads class SMR info:
_java_thread_list=0x000001d77f4fb080, length=12, elements={
0x000001d77164a390, 0x000001d77eee4a60, 0x000001d77eeeba30, 0x000001d77eeeda70,
0x000001d77eeee5b0, 0x000001d77eef0010, 0x000001d77eef0a60, 0x000001d77eef17e0,
0x000001d77ef2d000, 0x000001d77f0a4830, 0x000001d77f2de320, 0x000001d77f2dc0d0
}

Java Threads: ( => current thread )
  0x000001d77164a390 JavaThread "main"                              [_thread_in_vm, id=13484, stack(0x000000721da00000,0x000000721db00000) (1024K)]
  0x000001d77eee4a60 JavaThread "Reference Handler"          daemon [_thread_blocked, id=7800, stack(0x000000721e200000,0x000000721e300000) (1024K)]
  0x000001d77eeeba30 JavaThread "Finalizer"                  daemon [_thread_blocked, id=23648, stack(0x000000721e300000,0x000000721e400000) (1024K)]
  0x000001d77eeeda70 JavaThread "Signal Dispatcher"          daemon [_thread_blocked, id=17204, stack(0x000000721e400000,0x000000721e500000) (1024K)]
  0x000001d77eeee5b0 JavaThread "Attach Listener"            daemon [_thread_blocked, id=33068, stack(0x000000721e500000,0x000000721e600000) (1024K)]
  0x000001d77eef0010 JavaThread "Service Thread"             daemon [_thread_blocked, id=6868, stack(0x000000721e600000,0x000000721e700000) (1024K)]
  0x000001d77eef0a60 JavaThread "Monitor Deflation Thread"   daemon [_thread_blocked, id=15576, stack(0x000000721e700000,0x000000721e800000) (1024K)]
=>0x000001d77eef17e0 JavaThread "C2 CompilerThread0"         daemon [_thread_in_native, id=23892, stack(0x000000721e800000,0x000000721e900000) (1024K)]
  0x000001d77ef2d000 JavaThread "C1 CompilerThread0"         daemon [_thread_blocked, id=38508, stack(0x000000721e900000,0x000000721ea00000) (1024K)]
  0x000001d77f0a4830 JavaThread "Common-Cleaner"             daemon [_thread_blocked, id=24964, stack(0x000000721ea00000,0x000000721eb00000) (1024K)]
  0x000001d77f2de320 JavaThread "Monitor Ctrl-Break"         daemon [_thread_in_native, id=28064, stack(0x000000721eb00000,0x000000721ec00000) (1024K)]
  0x000001d77f2dc0d0 JavaThread "Notification Thread"        daemon [_thread_blocked, id=25496, stack(0x000000721ec00000,0x000000721ed00000) (1024K)]
Total: 12

Other Threads:
  0x000001d77eeceda0 VMThread "VM Thread"                           [id=11452, stack(0x000000721e100000,0x000000721e200000) (1024K)]
  0x000001d77eebe730 WatcherThread "VM Periodic Task Thread"        [id=34932, stack(0x000000721e000000,0x000000721e100000) (1024K)]
  0x000001d7716a0b70 WorkerThread "GC Thread#0"                     [id=19648, stack(0x000000721db00000,0x000000721dc00000) (1024K)]
  0x000001d7716b1350 ConcurrentGCThread "G1 Main Marker"            [id=7108, stack(0x000000721dc00000,0x000000721dd00000) (1024K)]
  0x000001d7716b2000 WorkerThread "G1 Conc#0"                       [id=28744, stack(0x000000721dd00000,0x000000721de00000) (1024K)]
  0x000001d77170e570 ConcurrentGCThread "G1 Refine#0"               [id=38304, stack(0x000000721de00000,0x000000721df00000) (1024K)]
  0x000001d77ed90460 ConcurrentGCThread "G1 Service"                [id=30828, stack(0x000000721df00000,0x000000721e000000) (1024K)]
Total: 7

Threads with active compile tasks:
C2 CompilerThread0      813  902   !   4       jdk.internal.loader.URLClassPath$JarLoader::getResource (40 bytes)
Total: 1

VM state: not at safepoint (normal execution)

VM Mutex/Monitor currently owned by a thread: None

Heap address: 0x0000000084000000, size: 1984 MB, Compressed Oops mode: 32-bit

CDS archive(s) mapped at: [0x000001d70f000000-0x000001d70fc90000-0x000001d70fc90000), size 13172736, SharedBaseAddress: 0x000001d70f000000, ArchiveRelocationMode: 1.
Compressed class space mapped at: 0x000001d710000000-0x000001d750000000, reserved size: 1073741824
Narrow klass base: 0x000001d70f000000, Narrow klass shift: 0, Narrow klass range: 0x100000000

GC Precious Log:
 CardTable entry size: 512
 Card Set container configuration: InlinePtr #cards 5 size 8 Array Of Cards #cards 12 size 40 Howl #buckets 4 coarsen threshold 1843 Howl Bitmap #cards 512 size 80 coarsen threshold 460 Card regions per heap region 1 cards per card region 2048
 CPUs: 8 total, 8 available
 Memory: 7934M
 Large Page Support: Disabled
 NUMA Support: Disabled
 Compressed Oops: Enabled (32-bit)
 Heap Region Size: 1M
 Heap Min Capacity: 8M
 Heap Initial Capacity: 124M
 Heap Max Capacity: 1984M
 Pre-touch: Disabled
 Parallel Workers: 8
 Concurrent Workers: 2
 Concurrent Refinement Workers: 8
 Periodic GC: Disabled

Heap:
 garbage-first heap   total 126976K, used 10240K [0x0000000084000000, 0x0000000100000000)
  region size 1024K, 12 young (12288K), 0 survivors (0K)
 Metaspace       used 3250K, committed 3456K, reserved 1114112K
  class space    used 303K, committed 384K, reserved 1048576K

Heap Regions: E=young(eden), S=young(survivor), O=old, HS=humongous(starts), HC=humongous(continues), CS=collection set, F=free, TAMS=top-at-mark-start, PB=parsable bottom
|   0|0x0000000084000000, 0x0000000084000000, 0x0000000084100000|  0%| F|  |TAMS 0x0000000084000000| PB 0x0000000084000000| Untracked 
|   1|0x0000000084100000, 0x0000000084100000, 0x0000000084200000|  0%| F|  |TAMS 0x0000000084100000| PB 0x0000000084100000| Untracked 
|   2|0x0000000084200000, 0x0000000084200000, 0x0000000084300000|  0%| F|  |TAMS 0x0000000084200000| PB 0x0000000084200000| Untracked 
|   3|0x0000000084300000, 0x0000000084300000, 0x0000000084400000|  0%| F|  |TAMS 0x0000000084300000| PB 0x0000000084300000| Untracked 
|   4|0x0000000084400000, 0x0000000084400000, 0x0000000084500000|  0%| F|  |TAMS 0x0000000084400000| PB 0x0000000084400000| Untracked 
|   5|0x0000000084500000, 0x0000000084500000, 0x0000000084600000|  0%| F|  |TAMS 0x0000000084500000| PB 0x0000000084500000| Untracked 
|   6|0x0000000084600000, 0x0000000084600000, 0x0000000084700000|  0%| F|  |TAMS 0x0000000084600000| PB 0x0000000084600000| Untracked 
|   7|0x0000000084700000, 0x0000000084700000, 0x0000000084800000|  0%| F|  |TAMS 0x0000000084700000| PB 0x0000000084700000| Untracked 
|   8|0x0000000084800000, 0x0000000084800000, 0x0000000084900000|  0%| F|  |TAMS 0x0000000084800000| PB 0x0000000084800000| Untracked 
|   9|0x0000000084900000, 0x0000000084900000, 0x0000000084a00000|  0%| F|  |TAMS 0x0000000084900000| PB 0x0000000084900000| Untracked 
|  10|0x0000000084a00000, 0x0000000084a00000, 0x0000000084b00000|  0%| F|  |TAMS 0x0000000084a00000| PB 0x0000000084a00000| Untracked 
|  11|0x0000000084b00000, 0x0000000084b00000, 0x0000000084c00000|  0%| F|  |TAMS 0x0000000084b00000| PB 0x0000000084b00000| Untracked 
|  12|0x0000000084c00000, 0x0000000084c00000, 0x0000000084d00000|  0%| F|  |TAMS 0x0000000084c00000| PB 0x0000000084c00000| Untracked 
|  13|0x0000000084d00000, 0x0000000084d00000, 0x0000000084e00000|  0%| F|  |TAMS 0x0000000084d00000| PB 0x0000000084d00000| Untracked 
|  14|0x0000000084e00000, 0x0000000084e00000, 0x0000000084f00000|  0%| F|  |TAMS 0x0000000084e00000| PB 0x0000000084e00000| Untracked 
|  15|0x0000000084f00000, 0x0000000084f00000, 0x0000000085000000|  0%| F|  |TAMS 0x0000000084f00000| PB 0x0000000084f00000| Untracked 
|  16|0x0000000085000000, 0x0000000085000000, 0x0000000085100000|  0%| F|  |TAMS 0x0000000085000000| PB 0x0000000085000000| Untracked 
|  17|0x0000000085100000, 0x0000000085100000, 0x0000000085200000|  0%| F|  |TAMS 0x0000000085100000| PB 0x0000000085100000| Untracked 
|  18|0x0000000085200000, 0x0000000085200000, 0x0000000085300000|  0%| F|  |TAMS 0x0000000085200000| PB 0x0000000085200000| Untracked 
|  19|0x0000000085300000, 0x0000000085300000, 0x0000000085400000|  0%| F|  |TAMS 0x0000000085300000| PB 0x0000000085300000| Untracked 
|  20|0x0000000085400000, 0x0000000085400000, 0x0000000085500000|  0%| F|  |TAMS 0x0000000085400000| PB 0x0000000085400000| Untracked 
|  21|0x0000000085500000, 0x0000000085500000, 0x0000000085600000|  0%| F|  |TAMS 0x0000000085500000| PB 0x0000000085500000| Untracked 
|  22|0x0000000085600000, 0x0000000085600000, 0x0000000085700000|  0%| F|  |TAMS 0x0000000085600000| PB 0x0000000085600000| Untracked 
|  23|0x0000000085700000, 0x0000000085700000, 0x0000000085800000|  0%| F|  |TAMS 0x0000000085700000| PB 0x0000000085700000| Untracked 
|  24|0x0000000085800000, 0x0000000085800000, 0x0000000085900000|  0%| F|  |TAMS 0x0000000085800000| PB 0x0000000085800000| Untracked 
|  25|0x0000000085900000, 0x0000000085900000, 0x0000000085a00000|  0%| F|  |TAMS 0x0000000085900000| PB 0x0000000085900000| Untracked 
|  26|0x0000000085a00000, 0x0000000085a00000, 0x0000000085b00000|  0%| F|  |TAMS 0x0000000085a00000| PB 0x0000000085a00000| Untracked 
|  27|0x0000000085b00000, 0x0000000085b00000, 0x0000000085c00000|  0%| F|  |TAMS 0x0000000085b00000| PB 0x0000000085b00000| Untracked 
|  28|0x0000000085c00000, 0x0000000085c00000, 0x0000000085d00000|  0%| F|  |TAMS 0x0000000085c00000| PB 0x0000000085c00000| Untracked 
|  29|0x0000000085d00000, 0x0000000085d00000, 0x0000000085e00000|  0%| F|  |TAMS 0x0000000085d00000| PB 0x0000000085d00000| Untracked 
|  30|0x0000000085e00000, 0x0000000085e00000, 0x0000000085f00000|  0%| F|  |TAMS 0x0000000085e00000| PB 0x0000000085e00000| Untracked 
|  31|0x0000000085f00000, 0x0000000085f00000, 0x0000000086000000|  0%| F|  |TAMS 0x0000000085f00000| PB 0x0000000085f00000| Untracked 
|  32|0x0000000086000000, 0x0000000086000000, 0x0000000086100000|  0%| F|  |TAMS 0x0000000086000000| PB 0x0000000086000000| Untracked 
|  33|0x0000000086100000, 0x0000000086100000, 0x0000000086200000|  0%| F|  |TAMS 0x0000000086100000| PB 0x0000000086100000| Untracked 
|  34|0x0000000086200000, 0x0000000086200000, 0x0000000086300000|  0%| F|  |TAMS 0x0000000086200000| PB 0x0000000086200000| Untracked 
|  35|0x0000000086300000, 0x0000000086300000, 0x0000000086400000|  0%| F|  |TAMS 0x0000000086300000| PB 0x0000000086300000| Untracked 
|  36|0x0000000086400000, 0x0000000086400000, 0x0000000086500000|  0%| F|  |TAMS 0x0000000086400000| PB 0x0000000086400000| Untracked 
|  37|0x0000000086500000, 0x0000000086500000, 0x0000000086600000|  0%| F|  |TAMS 0x0000000086500000| PB 0x0000000086500000| Untracked 
|  38|0x0000000086600000, 0x0000000086600000, 0x0000000086700000|  0%| F|  |TAMS 0x0000000086600000| PB 0x0000000086600000| Untracked 
|  39|0x0000000086700000, 0x0000000086700000, 0x0000000086800000|  0%| F|  |TAMS 0x0000000086700000| PB 0x0000000086700000| Untracked 
|  40|0x0000000086800000, 0x0000000086800000, 0x0000000086900000|  0%| F|  |TAMS 0x0000000086800000| PB 0x0000000086800000| Untracked 
|  41|0x0000000086900000, 0x0000000086900000, 0x0000000086a00000|  0%| F|  |TAMS 0x0000000086900000| PB 0x0000000086900000| Untracked 
|  42|0x0000000086a00000, 0x0000000086a00000, 0x0000000086b00000|  0%| F|  |TAMS 0x0000000086a00000| PB 0x0000000086a00000| Untracked 
|  43|0x0000000086b00000, 0x0000000086b00000, 0x0000000086c00000|  0%| F|  |TAMS 0x0000000086b00000| PB 0x0000000086b00000| Untracked 
|  44|0x0000000086c00000, 0x0000000086c00000, 0x0000000086d00000|  0%| F|  |TAMS 0x0000000086c00000| PB 0x0000000086c00000| Untracked 
|  45|0x0000000086d00000, 0x0000000086d00000, 0x0000000086e00000|  0%| F|  |TAMS 0x0000000086d00000| PB 0x0000000086d00000| Untracked 
|  46|0x0000000086e00000, 0x0000000086e00000, 0x0000000086f00000|  0%| F|  |TAMS 0x0000000086e00000| PB 0x0000000086e00000| Untracked 
|  47|0x0000000086f00000, 0x0000000086f00000, 0x0000000087000000|  0%| F|  |TAMS 0x0000000086f00000| PB 0x0000000086f00000| Untracked 
|  48|0x0000000087000000, 0x0000000087000000, 0x0000000087100000|  0%| F|  |TAMS 0x0000000087000000| PB 0x0000000087000000| Untracked 
|  49|0x0000000087100000, 0x0000000087100000, 0x0000000087200000|  0%| F|  |TAMS 0x0000000087100000| PB 0x0000000087100000| Untracked 
|  50|0x0000000087200000, 0x0000000087200000, 0x0000000087300000|  0%| F|  |TAMS 0x0000000087200000| PB 0x0000000087200000| Untracked 
|  51|0x0000000087300000, 0x0000000087300000, 0x0000000087400000|  0%| F|  |TAMS 0x0000000087300000| PB 0x0000000087300000| Untracked 
|  52|0x0000000087400000, 0x0000000087400000, 0x0000000087500000|  0%| F|  |TAMS 0x0000000087400000| PB 0x0000000087400000| Untracked 
|  53|0x0000000087500000, 0x0000000087500000, 0x0000000087600000|  0%| F|  |TAMS 0x0000000087500000| PB 0x0000000087500000| Untracked 
|  54|0x0000000087600000, 0x0000000087600000, 0x0000000087700000|  0%| F|  |TAMS 0x0000000087600000| PB 0x0000000087600000| Untracked 
|  55|0x0000000087700000, 0x0000000087700000, 0x0000000087800000|  0%| F|  |TAMS 0x0000000087700000| PB 0x0000000087700000| Untracked 
|  56|0x0000000087800000, 0x0000000087800000, 0x0000000087900000|  0%| F|  |TAMS 0x0000000087800000| PB 0x0000000087800000| Untracked 
|  57|0x0000000087900000, 0x0000000087900000, 0x0000000087a00000|  0%| F|  |TAMS 0x0000000087900000| PB 0x0000000087900000| Untracked 
|  58|0x0000000087a00000, 0x0000000087a00000, 0x0000000087b00000|  0%| F|  |TAMS 0x0000000087a00000| PB 0x0000000087a00000| Untracked 
|  59|0x0000000087b00000, 0x0000000087b00000, 0x0000000087c00000|  0%| F|  |TAMS 0x0000000087b00000| PB 0x0000000087b00000| Untracked 
|  60|0x0000000087c00000, 0x0000000087c00000, 0x0000000087d00000|  0%| F|  |TAMS 0x0000000087c00000| PB 0x0000000087c00000| Untracked 
|  61|0x0000000087d00000, 0x0000000087d00000, 0x0000000087e00000|  0%| F|  |TAMS 0x0000000087d00000| PB 0x0000000087d00000| Untracked 
|  62|0x0000000087e00000, 0x0000000087e00000, 0x0000000087f00000|  0%| F|  |TAMS 0x0000000087e00000| PB 0x0000000087e00000| Untracked 
|  63|0x0000000087f00000, 0x0000000087f00000, 0x0000000088000000|  0%| F|  |TAMS 0x0000000087f00000| PB 0x0000000087f00000| Untracked 
|  64|0x0000000088000000, 0x0000000088000000, 0x0000000088100000|  0%| F|  |TAMS 0x0000000088000000| PB 0x0000000088000000| Untracked 
|  65|0x0000000088100000, 0x0000000088100000, 0x0000000088200000|  0%| F|  |TAMS 0x0000000088100000| PB 0x0000000088100000| Untracked 
|  66|0x0000000088200000, 0x0000000088200000, 0x0000000088300000|  0%| F|  |TAMS 0x0000000088200000| PB 0x0000000088200000| Untracked 
|  67|0x0000000088300000, 0x0000000088300000, 0x0000000088400000|  0%| F|  |TAMS 0x0000000088300000| PB 0x0000000088300000| Untracked 
|  68|0x0000000088400000, 0x0000000088400000, 0x0000000088500000|  0%| F|  |TAMS 0x0000000088400000| PB 0x0000000088400000| Untracked 
|  69|0x0000000088500000, 0x0000000088500000, 0x0000000088600000|  0%| F|  |TAMS 0x0000000088500000| PB 0x0000000088500000| Untracked 
|  70|0x0000000088600000, 0x0000000088600000, 0x0000000088700000|  0%| F|  |TAMS 0x0000000088600000| PB 0x0000000088600000| Untracked 
|  71|0x0000000088700000, 0x0000000088700000, 0x0000000088800000|  0%| F|  |TAMS 0x0000000088700000| PB 0x0000000088700000| Untracked 
|  72|0x0000000088800000, 0x0000000088800000, 0x0000000088900000|  0%| F|  |TAMS 0x0000000088800000| PB 0x0000000088800000| Untracked 
|  73|0x0000000088900000, 0x0000000088900000, 0x0000000088a00000|  0%| F|  |TAMS 0x0000000088900000| PB 0x0000000088900000| Untracked 
|  74|0x0000000088a00000, 0x0000000088a00000, 0x0000000088b00000|  0%| F|  |TAMS 0x0000000088a00000| PB 0x0000000088a00000| Untracked 
|  75|0x0000000088b00000, 0x0000000088b00000, 0x0000000088c00000|  0%| F|  |TAMS 0x0000000088b00000| PB 0x0000000088b00000| Untracked 
|  76|0x0000000088c00000, 0x0000000088c00000, 0x0000000088d00000|  0%| F|  |TAMS 0x0000000088c00000| PB 0x0000000088c00000| Untracked 
|  77|0x0000000088d00000, 0x0000000088d00000, 0x0000000088e00000|  0%| F|  |TAMS 0x0000000088d00000| PB 0x0000000088d00000| Untracked 
|  78|0x0000000088e00000, 0x0000000088e00000, 0x0000000088f00000|  0%| F|  |TAMS 0x0000000088e00000| PB 0x0000000088e00000| Untracked 
|  79|0x0000000088f00000, 0x0000000088f00000, 0x0000000089000000|  0%| F|  |TAMS 0x0000000088f00000| PB 0x0000000088f00000| Untracked 
|  80|0x0000000089000000, 0x0000000089000000, 0x0000000089100000|  0%| F|  |TAMS 0x0000000089000000| PB 0x0000000089000000| Untracked 
|  81|0x0000000089100000, 0x0000000089100000, 0x0000000089200000|  0%| F|  |TAMS 0x0000000089100000| PB 0x0000000089100000| Untracked 
|  82|0x0000000089200000, 0x0000000089200000, 0x0000000089300000|  0%| F|  |TAMS 0x0000000089200000| PB 0x0000000089200000| Untracked 
|  83|0x0000000089300000, 0x0000000089300000, 0x0000000089400000|  0%| F|  |TAMS 0x0000000089300000| PB 0x0000000089300000| Untracked 
|  84|0x0000000089400000, 0x0000000089400000, 0x0000000089500000|  0%| F|  |TAMS 0x0000000089400000| PB 0x0000000089400000| Untracked 
|  85|0x0000000089500000, 0x0000000089500000, 0x0000000089600000|  0%| F|  |TAMS 0x0000000089500000| PB 0x0000000089500000| Untracked 
|  86|0x0000000089600000, 0x0000000089600000, 0x0000000089700000|  0%| F|  |TAMS 0x0000000089600000| PB 0x0000000089600000| Untracked 
|  87|0x0000000089700000, 0x0000000089700000, 0x0000000089800000|  0%| F|  |TAMS 0x0000000089700000| PB 0x0000000089700000| Untracked 
|  88|0x0000000089800000, 0x0000000089800000, 0x0000000089900000|  0%| F|  |TAMS 0x0000000089800000| PB 0x0000000089800000| Untracked 
|  89|0x0000000089900000, 0x0000000089900000, 0x0000000089a00000|  0%| F|  |TAMS 0x0000000089900000| PB 0x0000000089900000| Untracked 
|  90|0x0000000089a00000, 0x0000000089a00000, 0x0000000089b00000|  0%| F|  |TAMS 0x0000000089a00000| PB 0x0000000089a00000| Untracked 
|  91|0x0000000089b00000, 0x0000000089b00000, 0x0000000089c00000|  0%| F|  |TAMS 0x0000000089b00000| PB 0x0000000089b00000| Untracked 
|  92|0x0000000089c00000, 0x0000000089c00000, 0x0000000089d00000|  0%| F|  |TAMS 0x0000000089c00000| PB 0x0000000089c00000| Untracked 
|  93|0x0000000089d00000, 0x0000000089d00000, 0x0000000089e00000|  0%| F|  |TAMS 0x0000000089d00000| PB 0x0000000089d00000| Untracked 
|  94|0x0000000089e00000, 0x0000000089e00000, 0x0000000089f00000|  0%| F|  |TAMS 0x0000000089e00000| PB 0x0000000089e00000| Untracked 
|  95|0x0000000089f00000, 0x0000000089f00000, 0x000000008a000000|  0%| F|  |TAMS 0x0000000089f00000| PB 0x0000000089f00000| Untracked 
|  96|0x000000008a000000, 0x000000008a000000, 0x000000008a100000|  0%| F|  |TAMS 0x000000008a000000| PB 0x000000008a000000| Untracked 
|  97|0x000000008a100000, 0x000000008a100000, 0x000000008a200000|  0%| F|  |TAMS 0x000000008a100000| PB 0x000000008a100000| Untracked 
|  98|0x000000008a200000, 0x000000008a200000, 0x000000008a300000|  0%| F|  |TAMS 0x000000008a200000| PB 0x000000008a200000| Untracked 
|  99|0x000000008a300000, 0x000000008a300000, 0x000000008a400000|  0%| F|  |TAMS 0x000000008a300000| PB 0x000000008a300000| Untracked 
| 100|0x000000008a400000, 0x000000008a400000, 0x000000008a500000|  0%| F|  |TAMS 0x000000008a400000| PB 0x000000008a400000| Untracked 
| 101|0x000000008a500000, 0x000000008a500000, 0x000000008a600000|  0%| F|  |TAMS 0x000000008a500000| PB 0x000000008a500000| Untracked 
| 102|0x000000008a600000, 0x000000008a600000, 0x000000008a700000|  0%| F|  |TAMS 0x000000008a600000| PB 0x000000008a600000| Untracked 
| 103|0x000000008a700000, 0x000000008a700000, 0x000000008a800000|  0%| F|  |TAMS 0x000000008a700000| PB 0x000000008a700000| Untracked 
| 104|0x000000008a800000, 0x000000008a800000, 0x000000008a900000|  0%| F|  |TAMS 0x000000008a800000| PB 0x000000008a800000| Untracked 
| 105|0x000000008a900000, 0x000000008a900000, 0x000000008aa00000|  0%| F|  |TAMS 0x000000008a900000| PB 0x000000008a900000| Untracked 
| 106|0x000000008aa00000, 0x000000008aa00000, 0x000000008ab00000|  0%| F|  |TAMS 0x000000008aa00000| PB 0x000000008aa00000| Untracked 
| 107|0x000000008ab00000, 0x000000008ab00000, 0x000000008ac00000|  0%| F|  |TAMS 0x000000008ab00000| PB 0x000000008ab00000| Untracked 
| 108|0x000000008ac00000, 0x000000008ac00000, 0x000000008ad00000|  0%| F|  |TAMS 0x000000008ac00000| PB 0x000000008ac00000| Untracked 
| 109|0x000000008ad00000, 0x000000008ad00000, 0x000000008ae00000|  0%| F|  |TAMS 0x000000008ad00000| PB 0x000000008ad00000| Untracked 
| 110|0x000000008ae00000, 0x000000008ae00000, 0x000000008af00000|  0%| F|  |TAMS 0x000000008ae00000| PB 0x000000008ae00000| Untracked 
| 111|0x000000008af00000, 0x000000008af00000, 0x000000008b000000|  0%| F|  |TAMS 0x000000008af00000| PB 0x000000008af00000| Untracked 
| 112|0x000000008b000000, 0x000000008b076d78, 0x000000008b100000| 46%| E|  |TAMS 0x000000008b000000| PB 0x000000008b000000| Complete 
| 113|0x000000008b100000, 0x000000008b200000, 0x000000008b200000|100%| E|CS|TAMS 0x000000008b100000| PB 0x000000008b100000| Complete 
| 114|0x000000008b200000, 0x000000008b300000, 0x000000008b300000|100%| E|CS|TAMS 0x000000008b200000| PB 0x000000008b200000| Complete 
| 115|0x000000008b300000, 0x000000008b400000, 0x000000008b400000|100%| E|CS|TAMS 0x000000008b300000| PB 0x000000008b300000| Complete 
| 116|0x000000008b400000, 0x000000008b500000, 0x000000008b500000|100%| E|CS|TAMS 0x000000008b400000| PB 0x000000008b400000| Complete 
| 117|0x000000008b500000, 0x000000008b600000, 0x000000008b600000|100%| E|CS|TAMS 0x000000008b500000| PB 0x000000008b500000| Complete 
| 118|0x000000008b600000, 0x000000008b700000, 0x000000008b700000|100%| E|CS|TAMS 0x000000008b600000| PB 0x000000008b600000| Complete 
| 119|0x000000008b700000, 0x000000008b800000, 0x000000008b800000|100%| E|CS|TAMS 0x000000008b700000| PB 0x000000008b700000| Complete 
| 120|0x000000008b800000, 0x000000008b900000, 0x000000008b900000|100%| E|  |TAMS 0x000000008b800000| PB 0x000000008b800000| Complete 
| 121|0x000000008b900000, 0x000000008ba00000, 0x000000008ba00000|100%| E|CS|TAMS 0x000000008b900000| PB 0x000000008b900000| Complete 
| 122|0x000000008ba00000, 0x000000008bb00000, 0x000000008bb00000|100%| E|CS|TAMS 0x000000008ba00000| PB 0x000000008ba00000| Complete 
| 123|0x000000008bb00000, 0x000000008bc00000, 0x000000008bc00000|100%| E|CS|TAMS 0x000000008bb00000| PB 0x000000008bb00000| Complete 

Card table byte_map: [0x000001d77a1f0000,0x000001d77a5d0000] _byte_map_base: 0x000001d779dd0000

Marking Bits: (CMBitMap*) 0x000001d7716a1270
 Bits: [0x000001d77a5d0000, 0x000001d77c4d0000)

Polling page: 0x000001d76f5b0000

Metaspace:

Usage:
  Non-class:      2.88 MB used.
      Class:    303.84 KB used.
       Both:      3.17 MB used.

Virtual space:
  Non-class space:       64.00 MB reserved,       3.00 MB (  5%) committed,  1 nodes.
      Class space:        1.00 GB reserved,     384.00 KB ( <1%) committed,  1 nodes.
             Both:        1.06 GB reserved,       3.38 MB ( <1%) committed. 

Chunk freelists:
   Non-Class:  10.92 MB
       Class:  15.60 MB
        Both:  26.52 MB

MaxMetaspaceSize: unlimited
CompressedClassSpaceSize: 1.00 GB
Initial GC threshold: 21.00 MB
Current GC threshold: 21.00 MB
CDS: on
 - commit_granule_bytes: 65536.
 - commit_granule_words: 8192.
 - virtual_space_node_default_size: 8388608.
 - enlarge_chunks_in_place: 1.
 - use_allocation_guard: 0.


Internal statistics:

num_allocs_failed_limit: 0.
num_arena_births: 46.
num_arena_deaths: 0.
num_vsnodes_births: 2.
num_vsnodes_deaths: 0.
num_space_committed: 54.
num_space_uncommitted: 0.
num_chunks_returned_to_freelist: 0.
num_chunks_taken_from_freelist: 111.
num_chunk_merges: 0.
num_chunk_splits: 73.
num_chunks_enlarged: 51.
num_inconsistent_stats: 0.

CodeHeap 'non-profiled nmethods': size=120000Kb used=293Kb max_used=293Kb free=119707Kb
 bounds [0x000001d707ad0000, 0x000001d707d40000, 0x000001d70f000000]
CodeHeap 'profiled nmethods': size=120000Kb used=1628Kb max_used=1628Kb free=118371Kb
 bounds [0x000001d700000000, 0x000001d700270000, 0x000001d707530000]
CodeHeap 'non-nmethods': size=5760Kb used=1484Kb max_used=1500Kb free=4275Kb
 bounds [0x000001d707530000, 0x000001d7077a0000, 0x000001d707ad0000]
 total_blobs=1358 nmethods=901 adapters=362
 compilation: enabled
              stopped_count=0, restarted_count=0
 full_count=0

Compilation events (20 events):
Event: 0.684 Thread 0x000001d77ef2d000  889       3       java.util.regex.Pattern::peek (26 bytes)
Event: 0.684 Thread 0x000001d77ef2d000 nmethod 889 0x000001d700181a90 code [0x000001d700181c40, 0x000001d700181ea0]
Event: 0.689 Thread 0x000001d77ef2d000  890       3       java.util.regex.Matcher::search (154 bytes)
Event: 0.689 Thread 0x000001d77ef2d000 nmethod 890 0x000001d700182010 code [0x000001d700182200, 0x000001d700182778]
Event: 0.695 Thread 0x000001d77ef2d000  891       3       java.lang.invoke.MethodTypeForm::canonicalizeAll (63 bytes)
Event: 0.696 Thread 0x000001d77ef2d000 nmethod 891 0x000001d700182990 code [0x000001d700182b80, 0x000001d7001831c8]
Event: 0.696 Thread 0x000001d77ef2d000  892       3       java.lang.invoke.LambdaForm::forceInterpretation (14 bytes)
Event: 0.696 Thread 0x000001d77ef2d000 nmethod 892 0x000001d700183390 code [0x000001d700183520, 0x000001d700183688]
Event: 0.698 Thread 0x000001d77eef17e0  893       4       java.util.HashMap::put (13 bytes)
Event: 0.700 Thread 0x000001d77ef2d000  894       1       java.lang.invoke.MethodType::rtype (5 bytes)
Event: 0.700 Thread 0x000001d77ef2d000 nmethod 894 0x000001d707b17810 code [0x000001d707b179a0, 0x000001d707b17a68]
Event: 0.700 Thread 0x000001d77ef2d000  895       1       java.lang.invoke.DirectMethodHandle::internalMemberName (5 bytes)
Event: 0.700 Thread 0x000001d77ef2d000 nmethod 895 0x000001d707b17b10 code [0x000001d707b17ca0, 0x000001d707b17d68]
Event: 0.704 Thread 0x000001d77ef2d000  897       3       sun.net.www.protocol.file.Handler::parseURL (18 bytes)
Event: 0.704 Thread 0x000001d77ef2d000 nmethod 897 0x000001d700183710 code [0x000001d7001838c0, 0x000001d700183a80]
Event: 0.704 Thread 0x000001d77ef2d000  898       3       java.net.URLStreamHandler::parseURL (1124 bytes)
Event: 0.709 Thread 0x000001d77eef17e0 nmethod 893 0x000001d707b17e10 code [0x000001d707b18040, 0x000001d707b18ac8]
Event: 0.709 Thread 0x000001d77eef17e0  896       4       java.lang.StringUTF16::getChar (60 bytes)
Event: 0.710 Thread 0x000001d77eef17e0 nmethod 896 0x000001d707b19090 code [0x000001d707b19220, 0x000001d707b19308]
Event: 0.711 Thread 0x000001d77eef17e0  902   !   4       jdk.internal.loader.URLClassPath$JarLoader::getResource (40 bytes)

GC Heap History (0 events):
No events

Dll operation events (11 events):
Event: 0.034 Loaded shared library C:\Program Files\Java\jdk-21\bin\java.dll
Event: 0.112 Loaded shared library C:\Program Files\Java\jdk-21\bin\jsvml.dll
Event: 0.161 Loaded shared library C:\Program Files\Java\jdk-21\bin\zip.dll
Event: 0.165 Loaded shared library C:\Program Files\Java\jdk-21\bin\instrument.dll
Event: 0.170 Loaded shared library C:\Program Files\Java\jdk-21\bin\net.dll
Event: 0.172 Loaded shared library C:\Program Files\Java\jdk-21\bin\nio.dll
Event: 0.175 Loaded shared library C:\Program Files\Java\jdk-21\bin\zip.dll
Event: 0.204 Loaded shared library C:\Program Files\Java\jdk-21\bin\extnet.dll
Event: 0.330 Loaded shared library C:\Program Files\Java\jdk-21\bin\jimage.dll
Event: 0.361 Loaded shared library C:\Users\DELL\AppData\Local\Temp\jansi-2.4.1-f7c97cbc4cbbe8b1-jansi.dll
Event: 0.379 Loaded shared library C:\Program Files\Java\jdk-21\bin\verify.dll

Deoptimization events (20 events):
Event: 0.538 Thread 0x000001d77164a390 DEOPT PACKING pc=0x000001d700077c55 sp=0x000000721dafe4b0
Event: 0.538 Thread 0x000001d77164a390 DEOPT UNPACKING pc=0x000001d7075888e2 sp=0x000000721dafd938 mode 0
Event: 0.571 Thread 0x000001d77164a390 DEOPT PACKING pc=0x000001d700083a77 sp=0x000000721dafa7e0
Event: 0.571 Thread 0x000001d77164a390 DEOPT UNPACKING pc=0x000001d7075888e2 sp=0x000000721daf9c30 mode 0
Event: 0.688 Thread 0x000001d77164a390 Uncommon trap: trap_request=0xffffff45 fr.pc=0x000001d707b13990 relative=0x0000000000000650
Event: 0.689 Thread 0x000001d77164a390 Uncommon trap: reason=unstable_if action=reinterpret pc=0x000001d707b13990 method=java.util.regex.Matcher.search(I)Z @ 30 c2
Event: 0.689 Thread 0x000001d77164a390 DEOPT PACKING pc=0x000001d707b13990 sp=0x000000721dafdf30
Event: 0.689 Thread 0x000001d77164a390 DEOPT UNPACKING pc=0x000001d707587da2 sp=0x000000721dafdf20 mode 2
Event: 0.699 Thread 0x000001d77164a390 Uncommon trap: trap_request=0xffffff45 fr.pc=0x000001d707aef0fc relative=0x000000000000051c
Event: 0.699 Thread 0x000001d77164a390 Uncommon trap: reason=unstable_if action=reinterpret pc=0x000001d707aef0fc method=java.lang.StringLatin1.canEncode(I)Z @ 4 c2
Event: 0.699 Thread 0x000001d77164a390 DEOPT PACKING pc=0x000001d707aef0fc sp=0x000000721dafe570
Event: 0.699 Thread 0x000001d77164a390 DEOPT UNPACKING pc=0x000001d707587da2 sp=0x000000721dafe4a8 mode 2
Event: 0.699 Thread 0x000001d77164a390 Uncommon trap: trap_request=0xffffff45 fr.pc=0x000001d707af0b50 relative=0x00000000000004f0
Event: 0.699 Thread 0x000001d77164a390 Uncommon trap: reason=unstable_if action=reinterpret pc=0x000001d707af0b50 method=java.lang.AbstractStringBuilder.isLatin1()Z @ 10 c2
Event: 0.699 Thread 0x000001d77164a390 DEOPT PACKING pc=0x000001d707af0b50 sp=0x000000721dafe590
Event: 0.699 Thread 0x000001d77164a390 DEOPT UNPACKING pc=0x000001d707587da2 sp=0x000000721dafe520 mode 2
Event: 0.703 Thread 0x000001d77164a390 Uncommon trap: trap_request=0xffffff45 fr.pc=0x000001d707aed8e8 relative=0x0000000000000048
Event: 0.703 Thread 0x000001d77164a390 Uncommon trap: reason=unstable_if action=reinterpret pc=0x000001d707aed8e8 method=java.lang.StringLatin1.canEncode(I)Z @ 4 c2
Event: 0.703 Thread 0x000001d77164a390 DEOPT PACKING pc=0x000001d707aed8e8 sp=0x000000721dafe520
Event: 0.703 Thread 0x000001d77164a390 DEOPT UNPACKING pc=0x000001d707587da2 sp=0x000000721dafe4b0 mode 2

Classes loaded (20 events):
Event: 0.593 Loading class java/util/concurrent/locks/ReentrantReadWriteLock$Sync done
Event: 0.593 Loading class java/util/concurrent/locks/ReentrantReadWriteLock$NonfairSync done
Event: 0.593 Loading class java/util/concurrent/locks/ReentrantReadWriteLock$Sync$ThreadLocalHoldCounter
Event: 0.593 Loading class java/util/concurrent/locks/ReentrantReadWriteLock$Sync$ThreadLocalHoldCounter done
Event: 0.593 Loading class java/util/concurrent/locks/ReentrantReadWriteLock$ReadLock
Event: 0.593 Loading class java/util/concurrent/locks/ReentrantReadWriteLock$ReadLock done
Event: 0.593 Loading class java/util/concurrent/locks/ReentrantReadWriteLock$WriteLock
Event: 0.593 Loading class java/util/concurrent/locks/ReentrantReadWriteLock$WriteLock done
Event: 0.596 Loading class java/text/ParseException
Event: 0.596 Loading class java/text/ParseException done
Event: 0.620 Loading class sun/util/calendar/ZoneInfoFile$Checksum
Event: 0.620 Loading class sun/util/calendar/ZoneInfoFile$Checksum done
Event: 0.627 Loading class jdk/internal/module/ModulePatcher$PatchedModuleReader
Event: 0.627 Loading class jdk/internal/module/ModulePatcher$PatchedModuleReader done
Event: 0.628 Loading class sun/net/www/protocol/jrt/Handler
Event: 0.629 Loading class sun/net/www/protocol/jrt/Handler done
Event: 0.696 Loading class sun/text/resources/cldr/FormatData_en
Event: 0.696 Loading class sun/text/resources/cldr/FormatData_en done
Event: 0.697 Loading class sun/text/resources/cldr/FormatData_en_US
Event: 0.697 Loading class sun/text/resources/cldr/FormatData_en_US done

Classes unloaded (0 events):
No events

Classes redefined (0 events):
No events

Internal exceptions (8 events):
Event: 0.181 Thread 0x000001d77164a390 Exception <a 'java/lang/NoSuchMethodError'{0x000000008b941588}: 'void java.lang.invoke.DirectMethodHandle$Holder.invokeStatic(java.lang.Object, java.lang.Object, java.lang.Object)'> (0x000000008b941588) 
thrown [s\open\src\hotspot\share\interpreter\linkResolver.cpp, line 773]
Event: 0.186 Thread 0x000001d77164a390 Exception <a 'java/lang/NoSuchMethodError'{0x000000008b958b10}: 'java.lang.Object java.lang.invoke.Invokers$Holder.invokeExact_MT(java.lang.Object, java.lang.Object, java.lang.Object, java.lang.Object, java.lang.Object)'> (0x000000008b958b10) 
thrown [s\open\src\hotspot\share\interpreter\linkResolver.cpp, line 773]
Event: 0.206 Thread 0x000001d77f2de320 Exception <a 'java/lang/NoSuchMethodError'{0x000000008b9f4c30}: 'void java.lang.invoke.DirectMethodHandle$Holder.invokeStatic(java.lang.Object, java.lang.Object)'> (0x000000008b9f4c30) 
thrown [s\open\src\hotspot\share\interpreter\linkResolver.cpp, line 773]
Event: 0.216 Thread 0x000001d77164a390 Exception <a 'java/lang/NoSuchMethodError'{0x000000008b9d36d0}: 'int java.lang.invoke.DirectMethodHandle$Holder.invokeSpecial(java.lang.Object, java.lang.Object, java.lang.Object)'> (0x000000008b9d36d0) 
thrown [s\open\src\hotspot\share\interpreter\linkResolver.cpp, line 773]
Event: 0.324 Thread 0x000001d77164a390 Exception <a 'java/lang/NullPointerException'{0x000000008b6db2c0}> (0x000000008b6db2c0) 
thrown [s\open\src\hotspot\share\interpreter\linkResolver.cpp, line 1372]
Event: 0.340 Thread 0x000001d77164a390 Exception <a 'sun/nio/fs/WindowsException'{0x000000008b579518}> (0x000000008b579518) 
thrown [s\open\src\hotspot\share\prims\jni.cpp, line 520]
Event: 0.402 Thread 0x000001d77164a390 Exception <a 'java/lang/NoSuchMethodError'{0x000000008b4181b8}: 'void java.lang.invoke.DirectMethodHandle$Holder.invokeStaticInit(java.lang.Object, java.lang.Object)'> (0x000000008b4181b8) 
thrown [s\open\src\hotspot\share\interpreter\linkResolver.cpp, line 773]
Event: 0.556 Thread 0x000001d77164a390 Exception <a 'java/lang/NoSuchMethodError'{0x000000008b3d1c38}: 'java.lang.Object java.lang.invoke.DirectMethodHandle$Holder.invokeSpecialIFC(java.lang.Object, java.lang.Object, java.lang.Object, java.lang.Object)'> (0x000000008b3d1c38) 
thrown [s\open\src\hotspot\share\interpreter\linkResolver.cpp, line 773]

ZGC Phase Switch (0 events):
No events

VM Operations (6 events):
Event: 0.139 Executing VM operation: HandshakeAllThreads (Deoptimize)
Event: 0.144 Executing VM operation: HandshakeAllThreads (Deoptimize) done
Event: 0.323 Executing VM operation: HandshakeAllThreads (Deoptimize)
Event: 0.323 Executing VM operation: HandshakeAllThreads (Deoptimize) done
Event: 0.336 Executing VM operation: HandshakeAllThreads (Deoptimize)
Event: 0.336 Executing VM operation: HandshakeAllThreads (Deoptimize) done

Events (14 events):
Event: 0.074 Thread 0x000001d77164a390 Thread added: 0x000001d77164a390
Event: 0.096 Thread 0x000001d77eee4a60 Thread added: 0x000001d77eee4a60
Event: 0.096 Thread 0x000001d77eeeba30 Thread added: 0x000001d77eeeba30
Event: 0.096 Thread 0x000001d77eeeda70 Thread added: 0x000001d77eeeda70
Event: 0.096 Thread 0x000001d77eeee5b0 Thread added: 0x000001d77eeee5b0
Event: 0.096 Thread 0x000001d77eef0010 Thread added: 0x000001d77eef0010
Event: 0.096 Thread 0x000001d77eef0a60 Thread added: 0x000001d77eef0a60
Event: 0.097 Thread 0x000001d77eef17e0 Thread added: 0x000001d77eef17e0
Event: 0.099 Thread 0x000001d77ef2d000 Thread added: 0x000001d77ef2d000
Event: 0.131 Thread 0x000001d77f0a4830 Thread added: 0x000001d77f0a4830
Event: 0.189 Thread 0x000001d77f2de320 Thread added: 0x000001d77f2de320
Event: 0.189 Thread 0x000001d77f2dc0d0 Thread added: 0x000001d77f2dc0d0
Event: 0.327 Thread 0x000001d77f4364b0 Thread added: 0x000001d77f4364b0
Event: 0.404 Thread 0x000001d77f4364b0 Thread exited: 0x000001d77f4364b0


Dynamic libraries:
0x00007ff6d6df0000 - 0x00007ff6d6e00000 	C:\Program Files\Java\jdk-21\bin\java.exe
0x00007ffa24150000 - 0x00007ffa24367000 	C:\WINDOWS\SYSTEM32\ntdll.dll
0x00007ffa23ec0000 - 0x00007ffa23f84000 	C:\WINDOWS\System32\KERNEL32.DLL
0x00007ffa218a0000 - 0x00007ffa21c47000 	C:\WINDOWS\System32\KERNELBASE.dll
0x00007ffa21d60000 - 0x00007ffa21e71000 	C:\WINDOWS\System32\ucrtbase.dll
0x00007ffa20ae0000 - 0x00007ffa20af9000 	C:\Program Files\Java\jdk-21\bin\jli.dll
0x00007ffa24050000 - 0x00007ffa24102000 	C:\WINDOWS\System32\ADVAPI32.dll
0x00007ffa22bd0000 - 0x00007ffa22c77000 	C:\WINDOWS\System32\msvcrt.dll
0x00007ffa23f90000 - 0x00007ffa24038000 	C:\WINDOWS\System32\sechost.dll
0x00007ffa21590000 - 0x00007ffa215b8000 	C:\WINDOWS\System32\bcrypt.dll
0x00007ffa22a10000 - 0x00007ffa22b25000 	C:\WINDOWS\System32\RPCRT4.dll
0x00007ffa22cc0000 - 0x00007ffa22e6e000 	C:\WINDOWS\System32\USER32.dll
0x00007ffa21870000 - 0x00007ffa21896000 	C:\WINDOWS\System32\win32u.dll
0x00007ffa239d0000 - 0x00007ffa239f9000 	C:\WINDOWS\System32\GDI32.dll
0x00007ffa21470000 - 0x00007ffa21589000 	C:\WINDOWS\System32\gdi32full.dll
0x00007ffa21c50000 - 0x00007ffa21cea000 	C:\WINDOWS\System32\msvcp_win.dll
0x00007ffa05450000 - 0x00007ffa056e3000 	C:\WINDOWS\WinSxS\amd64_microsoft.windows.common-controls_6595b64144ccf1df_6.0.22621.3527_none_270e469b73872a76\COMCTL32.dll
0x00007ffa18e40000 - 0x00007ffa18e4a000 	C:\WINDOWS\SYSTEM32\VERSION.dll
0x00007ffa20ac0000 - 0x00007ffa20adb000 	C:\Program Files\Java\jdk-21\bin\VCRUNTIME140.dll
0x00007ffa22c80000 - 0x00007ffa22cb1000 	C:\WINDOWS\System32\IMM32.DLL
0x00007ffa20970000 - 0x00007ffa2097c000 	C:\Program Files\Java\jdk-21\bin\vcruntime140_1.dll
0x00007ff9fabf0000 - 0x00007ff9fac7e000 	C:\Program Files\Java\jdk-21\bin\msvcp140.dll
0x00007ff9d5e00000 - 0x00007ff9d6b1a000 	C:\Program Files\Java\jdk-21\bin\server\jvm.dll
0x00007ffa22b30000 - 0x00007ffa22ba1000 	C:\WINDOWS\System32\WS2_32.dll
0x00007ffa21330000 - 0x00007ffa2137d000 	C:\WINDOWS\SYSTEM32\POWRPROF.dll
0x00007ffa177a0000 - 0x00007ffa177d4000 	C:\WINDOWS\SYSTEM32\WINMM.dll
0x00007ffa21310000 - 0x00007ffa21323000 	C:\WINDOWS\SYSTEM32\UMPDC.dll
0x00007ffa1fb90000 - 0x00007ffa1fba8000 	C:\WINDOWS\SYSTEM32\kernel.appcore.dll
0x00007ffa20960000 - 0x00007ffa2096a000 	C:\Program Files\Java\jdk-21\bin\jimage.dll
0x00007ffa20ce0000 - 0x00007ffa20f12000 	C:\WINDOWS\SYSTEM32\DBGHELP.DLL
0x00007ffa23b30000 - 0x00007ffa23eb8000 	C:\WINDOWS\System32\combase.dll
0x00007ffa23350000 - 0x00007ffa23427000 	C:\WINDOWS\System32\OLEAUT32.dll
0x00007ffa20bd0000 - 0x00007ffa20c02000 	C:\WINDOWS\SYSTEM32\dbgcore.DLL
0x00007ffa21730000 - 0x00007ffa217a9000 	C:\WINDOWS\System32\bcryptPrimitives.dll
0x00007ffa11390000 - 0x00007ffa1139f000 	C:\Program Files\Java\jdk-21\bin\instrument.dll
0x00007ffa113a0000 - 0x00007ffa113bf000 	C:\Program Files\Java\jdk-21\bin\java.dll
0x00007ffa22130000 - 0x00007ffa2298c000 	C:\WINDOWS\System32\SHELL32.dll
0x00007ffa1e980000 - 0x00007ffa1f276000 	C:\WINDOWS\SYSTEM32\windows.storage.dll
0x00007ffa1e840000 - 0x00007ffa1e97e000 	C:\WINDOWS\SYSTEM32\wintypes.dll
0x00007ffa238d0000 - 0x00007ffa239c5000 	C:\WINDOWS\System32\SHCORE.dll
0x00007ffa21e80000 - 0x00007ffa21ede000 	C:\WINDOWS\System32\shlwapi.dll
0x00007ffa213a0000 - 0x00007ffa213c1000 	C:\WINDOWS\SYSTEM32\profapi.dll
0x00007ff9e5460000 - 0x00007ff9e5537000 	C:\Program Files\Java\jdk-21\bin\jsvml.dll
0x00007ffa105f0000 - 0x00007ffa10608000 	C:\Program Files\Java\jdk-21\bin\zip.dll
0x00007ffa1b890000 - 0x00007ffa1b8a0000 	C:\Program Files\Java\jdk-21\bin\net.dll
0x00007ffa19e40000 - 0x00007ffa19f76000 	C:\WINDOWS\SYSTEM32\WINHTTP.dll
0x00007ffa1ffb0000 - 0x00007ffa20019000 	C:\WINDOWS\system32\mswsock.dll
0x00007ffa10e10000 - 0x00007ffa10e26000 	C:\Program Files\Java\jdk-21\bin\nio.dll
0x00007ffa076d0000 - 0x00007ffa076d9000 	C:\Program Files\Java\jdk-21\bin\extnet.dll
0x00007ffa076e0000 - 0x00007ffa07704000 	C:\Users\DELL\AppData\Local\Temp\jansi-2.4.1-f7c97cbc4cbbe8b1-jansi.dll
0x00007ffa072d0000 - 0x00007ffa072e0000 	C:\Program Files\Java\jdk-21\bin\verify.dll

dbghelp: loaded successfully - version: 4.0.5 - missing functions: none
symbol engine: initialized successfully - sym options: 0x614 - pdb path: .;C:\Program Files\Java\jdk-21\bin;C:\WINDOWS\SYSTEM32;C:\WINDOWS\WinSxS\amd64_microsoft.windows.common-controls_6595b64144ccf1df_6.0.22621.3527_none_270e469b73872a76;C:\Program Files\Java\jdk-21\bin\server;C:\Users\DELL\AppData\Local\Temp

VM Arguments:
jvm_args: -Dmaven.multiModuleProjectDirectory=D:\nam_4(25-26)\Thuc_tap_do_an_CN\Nexus_1\Nexus\post-service -Djansi.passthrough=true -Dmaven.home=D:\IntelliJ IDEA Community Edition 2024.3.5\plugins\maven\lib\maven3 -Dclassworlds.conf=D:\IntelliJ IDEA Community Edition 2024.3.5\plugins\maven\lib\maven3\bin\m2.conf -Dmaven.ext.class.path=D:\IntelliJ IDEA Community Edition 2024.3.5\plugins\maven\lib\maven-event-listener.jar -javaagent:D:\IntelliJ IDEA Community Edition 2024.3.5\lib\idea_rt.jar=51551 -Dfile.encoding=UTF-8 -Dsun.stdout.encoding=UTF-8 -Dsun.stderr.encoding=UTF-8 
java_command: org.codehaus.classworlds.Launcher -Didea.version=2024.3.5 clean
java_class_path (initial): D:\IntelliJ IDEA Community Edition 2024.3.5\plugins\maven\lib\maven3\boot\plexus-classworlds-2.8.0.jar;D:\IntelliJ IDEA Community Edition 2024.3.5\plugins\maven\lib\maven3\boot\plexus-classworlds.license
Launcher Type: SUN_STANDARD

[Global flags]
     intx CICompilerCount                          = 4                                         {product} {ergonomic}
     uint ConcGCThreads                            = 2                                         {product} {ergonomic}
     uint G1ConcRefinementThreads                  = 8                                         {product} {ergonomic}
   size_t G1HeapRegionSize                         = 1048576                                   {product} {ergonomic}
    uintx GCDrainStackTargetSize                   = 64                                        {product} {ergonomic}
   size_t InitialHeapSize                          = 130023424                                 {product} {ergonomic}
   size_t MarkStackSize                            = 4194304                                   {product} {ergonomic}
   size_t MaxHeapSize                              = 2080374784                                {product} {ergonomic}
   size_t MaxNewSize                               = 1247805440                                {product} {ergonomic}
   size_t MinHeapDeltaBytes                        = 1048576                                   {product} {ergonomic}
   size_t MinHeapSize                              = 8388608                                   {product} {ergonomic}
    uintx NonNMethodCodeHeapSize                   = 5839372                                {pd product} {ergonomic}
    uintx NonProfiledCodeHeapSize                  = 122909434                              {pd product} {ergonomic}
    uintx ProfiledCodeHeapSize                     = 122909434                              {pd product} {ergonomic}
    uintx ReservedCodeCacheSize                    = 251658240                              {pd product} {ergonomic}
     bool SegmentedCodeCache                       = true                                      {product} {ergonomic}
   size_t SoftMaxHeapSize                          = 2080374784                             {manageable} {ergonomic}
     bool UseCompressedOops                        = true                           {product lp64_product} {ergonomic}
     bool UseG1GC                                  = true                                      {product} {ergonomic}
     bool UseLargePagesIndividualAllocation        = false                                  {pd product} {ergonomic}

Logging:
Log output configuration:
 #0: stdout all=warning uptime,level,tags foldmultilines=false
 #1: stderr all=off uptime,level,tags foldmultilines=false

Environment Variables:
JAVA_HOME=C:\Program Files\Java\jdk-21
PATH=C:\Program Files\Common Files\Oracle\Java\javapath;C:\Program Files (x86)\Common Files\Oracle\Java\java8path;C:\Program Files (x86)\Common Files\Oracle\Java\javapath;C:\ProgramData\Oracle\Java\javapath;C:\WINDOWS\system32;C:\WINDOWS;C:\WINDOWS\System32\Wbem;C:\WINDOWS\System32\WindowsPowerShell\v1.0\;C:\WINDOWS\System32\OpenSSH\;C:\Program Files\Git\cmd;C:\Program Files (x86)\Microsoft SQL Server\160\Tools\Binn\;C:\Program Files\Microsoft SQL Server\160\Tools\Binn\;C:\Program Files\Microsoft SQL Server\Client SDK\ODBC\170\Tools\Binn\;C:\Program Files\Microsoft SQL Server\160\DTS\Binn\;C:\Program Files (x86)\Microsoft SQL Server\160\DTS\Binn\;C:\Program Files\Microsoft SQL Server\150\Tools\Binn\;C:\Program Files\dotnet\;C:\Program Files\Docker\Docker\resources\bin;C:\Users\DELL\AppData\Local\Programs\Python\Python311\Scripts\;C:\Users\DELL\AppData\Local\Programs\Python\Python311\;C:\Users\DELL\AppData\Local\Microsoft\WindowsApps;C:\Users\DELL\AppData\Roaming\npm;D:\Microsoft VS Code\bin;C:\Program Files\Azure Data Studio\bin;C:\Users\DELL\.dotnet\tools;D:\apache-maven-3.9.9-bin\apache-maven-3.9.9\bin;D:\maven-mvnd-1.0.2-windows-amd64\bin;%NVM_HOME%;%NVM_SYMLINK%;C:\Program Files\nodejs\;D:\cursor\resources\app\bin;C:\Users\DELL\AppData\Local\Programs\Python\Python311\Scripts\;C:\Users\DELL\AppData\Local\Programs\Python\Python311\;C:\Users\DELL\AppData\Local\Microsoft\WindowsApps;D:\Microsoft VS Code\bin;C:\Program Files\Azure Data Studio\bin;C:\Users\DELL\.dotnet\tools;C:\Users\DELL\AppData\Local\Programs\Azure Dev CLI\;D:\nvm;D:\nodejs;C:\Users\DELL\AppData\Roaming\npm
USERNAME=Nguyen Huynh Chi
OS=Windows_NT
PROCESSOR_IDENTIFIER=Intel64 Family 6 Model 140 Stepping 1, GenuineIntel
TMP=C:\Users\DELL\AppData\Local\Temp
TEMP=C:\Users\DELL\AppData\Local\Temp




Periodic native trim disabled

---------------  S Y S T E M  ---------------

OS:
 Windows 11 , 64 bit Build 22621 (10.0.22621.3527)
OS uptime: 71 days 15:32 hours
Hyper-V role detected

CPU: total 8 (initial active 8) (4 cores per cpu, 2 threads per core) family 6 model 140 stepping 1 microcode 0xb4, cx8, cmov, fxsr, ht, mmx, 3dnowpref, sse, sse2, sse3, ssse3, sse4.1, sse4.2, popcnt, lzcnt, tsc, tscinvbit, avx, avx2, aes, erms, clmul, bmi1, bmi2, adx, avx512f, avx512dq, avx512cd, avx512bw, avx512vl, sha, fma, vzeroupper, avx512_vpopcntdq, avx512_vpclmulqdq, avx512_vaes, avx512_vnni, clflush, clflushopt, clwb, avx512_vbmi2, avx512_vbmi, hv, rdtscp, rdpid, fsrm, gfni, avx512_bitalg, f16c, cet_ibt, cet_ss, avx512_ifma
Processor Information for all 8 processors :
  Max Mhz: 1382, Current Mhz: 1382, Mhz Limit: 1382

Memory: 4k page, system-wide physical 7934M (270M free)
TotalPageFile size 25581M (AvailPageFile size 0M)
current process WorkingSet (physical memory assigned to process): 61M, peak: 61M
current process commit charge ("private bytes"): 218M, peak: 218M

vm_info: Java HotSpot(TM) 64-Bit Server VM (21.0.6+8-LTS-188) for windows-amd64 JRE (21.0.6+8-LTS-188), built on 2024-12-03T10:50:54Z by "mach5one" with MS VC++ 17.6 (VS2022)

END.
