#
# There is insufficient memory for the Java Runtime Environment to continue.
# Native memory allocation (mmap) failed to map 264241152 bytes for G1 virtual space
# Possible reasons:
#   The system is out of physical RAM or swap space
#   The process is running with CompressedOops enabled, and the Java Heap may be blocking the growth of the native heap
# Possible solutions:
#   Reduce memory load on the system
#   Increase physical memory or swap space
#   Check if swap backing store is full
#   Decrease Java heap size (-Xmx/-Xms)
#   Decrease number of Java threads
#   Decrease Java thread stack sizes (-Xss)
#   Set larger code cache with -XX:ReservedCodeCacheSize=
#   JVM is running with Zero Based Compressed Oops mode in which the Java heap is
#     placed in the first 32GB address space. The Java Heap base address is the
#     maximum limit for the native heap growth. Please use -XX:HeapBaseMinAddress
#     to set the Java Heap base and to place the Java Heap above 32GB virtual address.
# This output file may be truncated or incomplete.
#
#  Out of Memory Error (os_windows.cpp:3603), pid=11704, tid=3060
#
# JRE version:  (21.0.6+8) (build )
# Java VM: Java HotSpot(TM) 64-Bit Server VM (21.0.6+8-LTS-188, mixed mode, sharing, tiered, compressed oops, compressed class ptrs, g1 gc, windows-amd64)
# No core dump will be written. Minidumps are not enabled by default on client versions of Windows
#

---------------  S U M M A R Y ------------

Command Line: -Dmaven.multiModuleProjectDirectory=D:\nam_4(25-26)\Thuc_tap_do_an_CN\Nexus_1\Nexus\chat-service -Djansi.passthrough=true -Dmaven.home=D:\IntelliJ IDEA Community Edition 2024.3.5\plugins\maven\lib\maven3 -Dclassworlds.conf=D:\IntelliJ IDEA Community Edition 2024.3.5\plugins\maven\lib\maven3\bin\m2.conf -Dmaven.ext.class.path=D:\IntelliJ IDEA Community Edition 2024.3.5\plugins\maven\lib\maven-event-listener.jar -javaagent:D:\IntelliJ IDEA Community Edition 2024.3.5\lib\idea_rt.jar=55837 -Dfile.encoding=UTF-8 -Dsun.stdout.encoding=UTF-8 -Dsun.stderr.encoding=UTF-8 org.codehaus.classworlds.Launcher -Didea.version=2024.3.5 clean

Host: 11th Gen Intel(R) Core(TM) i5-1135G7 @ 2.40GHz, 8 cores, 15G,  Windows 11 , 64 bit Build 22621 (10.0.22621.3527)
Time: Sat Dec  6 22:38:35 2025 SE Asia Standard Time elapsed time: 0.017093 seconds (0d 0h 0m 0s)

---------------  T H R E A D  ---------------

Current thread (0x0000025f79d2a120):  JavaThread "Unknown thread" [_thread_in_vm, id=3060, stack(0x000000794ae00000,0x000000794af00000) (1024K)]

Stack: [0x000000794ae00000,0x000000794af00000]
Native frames: (J=compiled Java code, j=interpreted, Vv=VM code, C=native code)
V  [jvm.dll+0x6ca6d9]
V  [jvm.dll+0x854f51]
V  [jvm.dll+0x85747e]
V  [jvm.dll+0x857b53]
V  [jvm.dll+0x27dcc6]
V  [jvm.dll+0x6c6e55]
V  [jvm.dll+0x6bb9da]
V  [jvm.dll+0x35393a]
V  [jvm.dll+0x35b596]
V  [jvm.dll+0x3adefe]
V  [jvm.dll+0x3ae1a8]
V  [jvm.dll+0x327cbc]
V  [jvm.dll+0x32881b]
V  [jvm.dll+0x81e309]
V  [jvm.dll+0x3babe1]
V  [jvm.dll+0x807658]
V  [jvm.dll+0x44fdae]
V  [jvm.dll+0x4519a1]
C  [jli.dll+0x52a3]
C  [ucrtbase.dll+0x29333]
C  [KERNEL32.DLL+0x1257d]
C  [ntdll.dll+0x5aa48]


---------------  P R O C E S S  ---------------

Threads class SMR info:
_java_thread_list=0x00007ffb78a5cc08, length=0, elements={
}

Java Threads: ( => current thread )
Total: 0

Other Threads:
  0x0000025f79d93250 WorkerThread "GC Thread#0"                     [id=4628, stack(0x000000794af00000,0x000000794b000000) (1024K)]
  0x0000025f79da3d40 ConcurrentGCThread "G1 Main Marker"            [id=12516, stack(0x000000794b000000,0x000000794b100000) (1024K)]
  0x0000025f79da4900 WorkerThread "G1 Conc#0"                       [id=18564, stack(0x000000794b100000,0x000000794b200000) (1024K)]

[error occurred during error reporting (printing all threads), id 0xc0000005, EXCEPTION_ACCESS_VIOLATION (0xc0000005) at pc=0x00007ffb781ca427]
VM state: not at safepoint (not fully initialized)

VM Mutex/Monitor currently owned by a thread:  ([mutex/lock_event])
[0x00007ffb78acdf98] Heap_lock - owner thread: 0x0000025f79d2a120

Heap address: 0x0000000704000000, size: 4032 MB, Compressed Oops mode: Zero based, Oop shift amount: 3

CDS archive(s) mapped at: [0x0000000000000000-0x0000000000000000-0x0000000000000000), size 0, SharedBaseAddress: 0x0000000800000000, ArchiveRelocationMode: 1.
Narrow klass base: 0x0000000000000000, Narrow klass shift: 0, Narrow klass range: 0x0

GC Precious Log:
 CardTable entry size: 512
 Card Set container configuration: InlinePtr #cards 4 size 8 Array Of Cards #cards 16 size 48 Howl #buckets 8 coarsen threshold 3686 Howl Bitmap #cards 512 size 80 coarsen threshold 460 Card regions per heap region 1 cards per card region 4096

Heap:
 garbage-first heap   total 0K, used 0K [0x0000000704000000, 0x0000000800000000)
  region size 2048K, 0 young (0K), 0 survivors (0K)

[error occurred during error reporting (printing heap information), id 0xc0000005, EXCEPTION_ACCESS_VIOLATION (0xc0000005) at pc=0x00007ffb785b36a9]
GC Heap History (0 events):
No events

Dll operation events (1 events):
Event: 0.009 Loaded shared library C:\Program Files\Java\jdk-21\bin\java.dll

Deoptimization events (0 events):
No events

Classes loaded (0 events):
No events

Classes unloaded (0 events):
No events

Classes redefined (0 events):
No events

Internal exceptions (0 events):
No events

ZGC Phase Switch (0 events):
No events

VM Operations (0 events):
No events

Events (0 events):
No events


Dynamic libraries:
0x00007ff73ec20000 - 0x00007ff73ec30000 	C:\Program Files\Java\jdk-21\bin\java.exe
0x00007ffbf4610000 - 0x00007ffbf4827000 	C:\WINDOWS\SYSTEM32\ntdll.dll
0x00007ffbf36c0000 - 0x00007ffbf3784000 	C:\WINDOWS\System32\KERNEL32.DLL
0x00007ffbf1e20000 - 0x00007ffbf21c7000 	C:\WINDOWS\System32\KERNELBASE.dll
0x00007ffbf1a00000 - 0x00007ffbf1b11000 	C:\WINDOWS\System32\ucrtbase.dll
0x00007ffbe0d20000 - 0x00007ffbe0d39000 	C:\Program Files\Java\jdk-21\bin\jli.dll
0x00007ffbe0d00000 - 0x00007ffbe0d1b000 	C:\Program Files\Java\jdk-21\bin\VCRUNTIME140.dll
0x00007ffbf2830000 - 0x00007ffbf28e2000 	C:\WINDOWS\System32\ADVAPI32.dll
0x00007ffbf4050000 - 0x00007ffbf40f7000 	C:\WINDOWS\System32\msvcrt.dll
0x00007ffbf2bd0000 - 0x00007ffbf2c78000 	C:\WINDOWS\System32\sechost.dll
0x00007ffbf1b20000 - 0x00007ffbf1b48000 	C:\WINDOWS\System32\bcrypt.dll
0x00007ffbf2cd0000 - 0x00007ffbf2de5000 	C:\WINDOWS\System32\RPCRT4.dll
0x00007ffbf4330000 - 0x00007ffbf44de000 	C:\WINDOWS\System32\USER32.dll
0x00007ffbf1930000 - 0x00007ffbf1956000 	C:\WINDOWS\System32\win32u.dll
0x00007ffbcf500000 - 0x00007ffbcf793000 	C:\WINDOWS\WinSxS\amd64_microsoft.windows.common-controls_6595b64144ccf1df_6.0.22621.3527_none_270e469b73872a76\COMCTL32.dll
0x00007ffbf3680000 - 0x00007ffbf36a9000 	C:\WINDOWS\System32\GDI32.dll
0x00007ffbf1d00000 - 0x00007ffbf1e19000 	C:\WINDOWS\System32\gdi32full.dll
0x00007ffbf1960000 - 0x00007ffbf19fa000 	C:\WINDOWS\System32\msvcp_win.dll
0x00007ffbe9960000 - 0x00007ffbe996a000 	C:\WINDOWS\SYSTEM32\VERSION.dll
0x00007ffbf2c90000 - 0x00007ffbf2cc1000 	C:\WINDOWS\System32\IMM32.DLL
0x00007ffbecd80000 - 0x00007ffbecd8c000 	C:\Program Files\Java\jdk-21\bin\vcruntime140_1.dll
0x00007ffbcfa50000 - 0x00007ffbcfade000 	C:\Program Files\Java\jdk-21\bin\msvcp140.dll
0x00007ffb77e90000 - 0x00007ffb78baa000 	C:\Program Files\Java\jdk-21\bin\server\jvm.dll
0x00007ffbf4100000 - 0x00007ffbf4171000 	C:\WINDOWS\System32\WS2_32.dll
0x00007ffbf1640000 - 0x00007ffbf168d000 	C:\WINDOWS\SYSTEM32\POWRPROF.dll
0x00007ffbe9c50000 - 0x00007ffbe9c84000 	C:\WINDOWS\SYSTEM32\WINMM.dll
0x00007ffbf1620000 - 0x00007ffbf1633000 	C:\WINDOWS\SYSTEM32\UMPDC.dll
0x00007ffbf0910000 - 0x00007ffbf0928000 	C:\WINDOWS\SYSTEM32\kernel.appcore.dll
0x00007ffbe0cf0000 - 0x00007ffbe0cfa000 	C:\Program Files\Java\jdk-21\bin\jimage.dll
0x00007ffbeecc0000 - 0x00007ffbeeef2000 	C:\WINDOWS\SYSTEM32\DBGHELP.DLL
0x00007ffbf2340000 - 0x00007ffbf26c8000 	C:\WINDOWS\System32\combase.dll
0x00007ffbf2ed0000 - 0x00007ffbf2fa7000 	C:\WINDOWS\System32\OLEAUT32.dll
0x00007ffbc5c90000 - 0x00007ffbc5cc2000 	C:\WINDOWS\SYSTEM32\dbgcore.DLL
0x00007ffbf1b50000 - 0x00007ffbf1bc9000 	C:\WINDOWS\System32\bcryptPrimitives.dll
0x00007ffbe0ce0000 - 0x00007ffbe0cef000 	C:\Program Files\Java\jdk-21\bin\instrument.dll
0x00007ffbdb960000 - 0x00007ffbdb97f000 	C:\Program Files\Java\jdk-21\bin\java.dll

dbghelp: loaded successfully - version: 4.0.5 - missing functions: none
symbol engine: initialized successfully - sym options: 0x614 - pdb path: .;C:\Program Files\Java\jdk-21\bin;C:\WINDOWS\SYSTEM32;C:\WINDOWS\WinSxS\amd64_microsoft.windows.common-controls_6595b64144ccf1df_6.0.22621.3527_none_270e469b73872a76;C:\Program Files\Java\jdk-21\bin\server

VM Arguments:
jvm_args: -Dmaven.multiModuleProjectDirectory=D:\nam_4(25-26)\Thuc_tap_do_an_CN\Nexus_1\Nexus\chat-service -Djansi.passthrough=true -Dmaven.home=D:\IntelliJ IDEA Community Edition 2024.3.5\plugins\maven\lib\maven3 -Dclassworlds.conf=D:\IntelliJ IDEA Community Edition 2024.3.5\plugins\maven\lib\maven3\bin\m2.conf -Dmaven.ext.class.path=D:\IntelliJ IDEA Community Edition 2024.3.5\plugins\maven\lib\maven-event-listener.jar -javaagent:D:\IntelliJ IDEA Community Edition 2024.3.5\lib\idea_rt.jar=55837 -Dfile.encoding=UTF-8 -Dsun.stdout.encoding=UTF-8 -Dsun.stderr.encoding=UTF-8 
java_command: org.codehaus.classworlds.Launcher -Didea.version=2024.3.5 clean
java_class_path (initial): D:\IntelliJ IDEA Community Edition 2024.3.5\plugins\maven\lib\maven3\boot\plexus-classworlds-2.8.0.jar;D:\IntelliJ IDEA Community Edition 2024.3.5\plugins\maven\lib\maven3\boot\plexus-classworlds.license
Launcher Type: SUN_STANDARD

[Global flags]
     intx CICompilerCount                          = 4                                         {product} {ergonomic}
     uint ConcGCThreads                            = 2                                         {product} {ergonomic}
     uint G1ConcRefinementThreads                  = 8                                         {product} {ergonomic}
   size_t G1HeapRegionSize                         = 2097152                                   {product} {ergonomic}
    uintx GCDrainStackTargetSize                   = 64                                        {product} {ergonomic}
   size_t InitialHeapSize                          = 264241152                                 {product} {ergonomic}
   size_t MarkStackSize                            = 4194304                                   {product} {ergonomic}
   size_t MaxHeapSize                              = 4227858432                                {product} {ergonomic}
   size_t MinHeapDeltaBytes                        = 2097152                                   {product} {ergonomic}
   size_t MinHeapSize                              = 8388608                                   {product} {ergonomic}
    uintx NonNMethodCodeHeapSize                   = 5839372                                {pd product} {ergonomic}
    uintx NonProfiledCodeHeapSize                  = 122909434                              {pd product} {ergonomic}
    uintx ProfiledCodeHeapSize                     = 122909434                              {pd product} {ergonomic}
    uintx ReservedCodeCacheSize                    = 251658240                              {pd product} {ergonomic}
     bool SegmentedCodeCache                       = true                                      {product} {ergonomic}
   size_t SoftMaxHeapSize                          = 4227858432                             {manageable} {ergonomic}
     bool UseCompressedOops                        = true                           {product lp64_product} {ergonomic}
     bool UseG1GC                                  = true                                      {product} {ergonomic}
     bool UseLargePagesIndividualAllocation        = false                                  {pd product} {ergonomic}

Logging:
Log output configuration:
 #0: stdout all=warning uptime,level,tags foldmultilines=false
 #1: stderr all=off uptime,level,tags foldmultilines=false

Environment Variables:
JAVA_HOME=C:\Program Files\Java\jdk-21
PATH=C:\Program Files\Common Files\Oracle\Java\javapath;C:\Program Files (x86)\Common Files\Oracle\Java\java8path;C:\Program Files (x86)\Common Files\Oracle\Java\javapath;C:\ProgramData\Oracle\Java\javapath;C:\WINDOWS\system32;C:\WINDOWS;C:\WINDOWS\System32\Wbem;C:\WINDOWS\System32\WindowsPowerShell\v1.0\;C:\WINDOWS\System32\OpenSSH\;C:\Program Files\Git\cmd;C:\Program Files (x86)\Microsoft SQL Server\160\Tools\Binn\;C:\Program Files\Microsoft SQL Server\160\Tools\Binn\;C:\Program Files\Microsoft SQL Server\Client SDK\ODBC\170\Tools\Binn\;C:\Program Files\Microsoft SQL Server\160\DTS\Binn\;C:\Program Files (x86)\Microsoft SQL Server\160\DTS\Binn\;C:\Program Files\dotnet\;C:\Program Files\Docker\Docker\resources\bin;C:\Users\DELL\AppData\Local\Programs\Python\Python311\Scripts\;C:\Users\DELL\AppData\Local\Programs\Python\Python311\;C:\Users\DELL\AppData\Local\Microsoft\WindowsApps;C:\Users\DELL\AppData\Roaming\npm;D:\Microsoft VS Code\bin;C:\Program Files\Azure Data Studio\bin;C:\Users\DELL\.dotnet\tools;D:\apache-maven-3.9.9-bin\apache-maven-3.9.9\bin;D:\maven-mvnd-1.0.2-windows-amd64\bin;D:\nvm;D:\nodejs;C:\Program Files\nodejs\;D:\cursor\resources\app\bin;C:\Users\DELL\AppData\Local\Programs\Python\Python311\Scripts\;C:\Users\DELL\AppData\Local\Programs\Python\Python311\;C:\Users\DELL\AppData\Local\Microsoft\WindowsApps;D:\Microsoft VS Code\bin;C:\Program Files\Azure Data Studio\bin;C:\Users\DELL\.dotnet\tools;D:\nvm;D:\nodejs;C:\Users\DELL\AppData\Roaming\npm
USERNAME=Nguyen Huynh Chi
OS=Windows_NT
PROCESSOR_IDENTIFIER=Intel64 Family 6 Model 140 Stepping 1, GenuineIntel
TMP=C:\Users\DELL\AppData\Local\Temp
TEMP=C:\Users\DELL\AppData\Local\Temp




Periodic native trim disabled

---------------  S Y S T E M  ---------------

OS:
 Windows 11 , 64 bit Build 22621 (10.0.22621.3527)
OS uptime: 1 days 11:21 hours
Hyper-V role detected

CPU: total 8 (initial active 8) (4 cores per cpu, 2 threads per core) family 6 model 140 stepping 1 microcode 0xb4, cx8, cmov, fxsr, ht, mmx, 3dnowpref, sse, sse2, sse3, ssse3, sse4.1, sse4.2, popcnt, lzcnt, tsc, tscinvbit, avx, avx2, aes, erms, clmul, bmi1, bmi2, adx, avx512f, avx512dq, avx512cd, avx512bw, avx512vl, sha, fma, vzeroupper, avx512_vpopcntdq, avx512_vpclmulqdq, avx512_vaes, avx512_vnni, clflush, clflushopt, clwb, avx512_vbmi2, avx512_vbmi, hv, rdtscp, rdpid, fsrm, gfni, avx512_bitalg, f16c, cet_ibt, cet_ss, avx512_ifma
Processor Information for all 8 processors :
  Max Mhz: 1382, Current Mhz: 1382, Mhz Limit: 1382

Memory: 4k page, system-wide physical 16126M (2920M free)
TotalPageFile size 20468M (AvailPageFile size 110M)
current process WorkingSet (physical memory assigned to process): 11M, peak: 11M
current process commit charge ("private bytes"): 60M, peak: 312M

vm_info: Java HotSpot(TM) 64-Bit Server VM (21.0.6+8-LTS-188) for windows-amd64 JRE (21.0.6+8-LTS-188), built on 2024-12-03T10:50:54Z by "mach5one" with MS VC++ 17.6 (VS2022)

END.
